------------------------------------------------------------
[INFO] Starting incremental build...
------------------------------------------------------------

正在构建 HTML 文件...
  [ERROR] Typst error: warning: html export is under active development and incomplete
 = hint: its behaviour may change at any time
 = hint: do not rely on this feature for production use cases
 = hint: see https://github.com/typst/typst/issues/5512 for more information

error: unclosed label
    ┌─ \\?\C:\Users\fallingstar\GeRui\rainoffallingstar.github.io\content\Blog\2018-06-01-有机\index.typ:166:146
    │
166 │ > 在平衡时，N(COO-)＝N(NH3+)，即蛋白质两性解离平衡，对于中性条件下，羧酸的解离度略大于氨基的水解程度，需要酸碱的加入来调控这些平衡。使得N(COO-)＝N(NH3+)，在此时，将此时的ph值记为pi值，所以，当ph>pi时，蛋白质呈现酸性+，ph=pi时，蛋白质呈现中性，ph<pi时，蛋白质呈现碱性-，在电泳中在电场力的作用下，蛋白质会移动向相应的方向。
    │                                                                                                                                                                                                                                                      ^^^^^
  [ERROR] content\Blog\2018-06-01-有机\index.typ 编译失败
  [ERROR] Typst error: warning: html export is under active development and incomplete
 = hint: its behaviour may change at any time
 = hint: do not rely on this feature for production use cases
 = hint: see https://github.com/typst/typst/issues/5512 for more information

error: unclosed label
   ┌─ \\?\C:\Users\fallingstar\GeRui\rainoffallingstar.github.io\content\Blog\2018-09-27-心动的物理学原理\index.typ:27:12
   │
27 │ 在心房收缩时，Pa>Pv<PA,心房血冲开尖瓣进入心室，心室由于血液灌注，容积Vv增大，导致Pa下降，Pv增大，直到平衡时，Pa=Pv<PA，此时心室容积达到其max值,尖瓣关闭，血液不允许倒流。
   │                    ^^^

error: unclosed label
   ┌─ \\?\C:\Users\fallingstar\GeRui\rainoffallingstar.github.io\content\Blog\2018-09-27-心动的物理学原理\index.typ:27:67
   │
27 │ 在心房收缩时，Pa>Pv<PA,心房血冲开尖瓣进入心室，心室由于血液灌注，容积Vv增大，导致Pa下降，Pv增大，直到平衡时，Pa=Pv<PA，此时心室容积达到其max值,尖瓣关闭，血液不允许倒流。
   │                                                                                                                   ^^^

error: unclosed label
   ┌─ \\?\C:\Users\fallingstar\GeRui\rainoffallingstar.github.io\content\Blog\2018-09-27-心动的物理学原理\index.typ:29:204
   │
29 │ 此后，心室在两侧阀门不开放的情况下开始收缩并压缩血液，由于Pv=nrt/Vv,在Vv减小时，Pv增大到Pv=PA的临界值后，任意一个德尔塔Pv的变化都会打开主动脉瓣，其间Pv对于容积变化的瞬间增加速度为Pv‘=-nrt/v2，在主动脉瓣开放的过程中，心肌对心室做功Pv×Vv(是一个连续的积分过程)在瞬间释放出来，形成能量为mv2/2的血液流体进入主动脉中，在这个过程中，Pv迅速下降达到Pv=PA，甚至Pv<PA,但是由于血液对主动脉瓣的冲量mv克服了压强差，继续进入主动脉内，直到心室心肌收缩到达极限，不能再对血液做功，此时血流体无法产生足够的能量突破压强梯度，维持主动脉瓣的开放，主动脉瓣关闭。此时心室容积达到其min值。
   │                                                                                                                                                                                                                                                                                                                                                                  ^^^

error: unclosed label
   ┌─ \\?\C:\Users\fallingstar\GeRui\rainoffallingstar.github.io\content\Blog\2018-09-27-心动的物理学原理\index.typ:31:169
   │
31 │ 接着腔静脉窦开放，血液涌入心房，使得Pa上升，此时心室机群舒张，使得Vv增大，Pv减小，在达到Pa=Pv的平衡后，尖瓣开放，此时心室还未完全舒张，血液由心房流入心室，导致Pv增大，Pa减小，在这个过程中，两者的压强差逐渐减小，导致血流速度减小，直到v趋近于0，此时接近Pa=Pv的平衡后，但此时心房心肌收缩，提高pa的数值，使得Pa>Pv<PA,开始新一轮的心动。
   │                                                                                                                                                                                                                                                                                                                      ^^^
  [ERROR] content\Blog\2018-09-27-心动的物理学原理\index.typ 编译失败
  [ERROR] 执行 typst 命令时出错: 'gbk' codec can't encode character '\uf0f6' in position 13039: illegal multibyte sequence
  [ERROR] content\Blog\2020-01-03-Pathology Lecture Notes\index.typ 编译失败
  [ERROR] Typst error: warning: html export is under active development and incomplete
 = hint: its behaviour may change at any time
 = hint: do not rely on this feature for production use cases
 = hint: see https://github.com/typst/typst/issues/5512 for more information

error: unclosed label
    ┌─ \\?\C:\Users\fallingstar\GeRui\rainoffallingstar.github.io\content\Blog\2020-05-20-医大毕业考中心题库\index.typ:134:41
    │
134 │ 性粒细胞碱性磷酸酶(NAP)阳性率80%，积分200分，血清铁蛋白210μg/L(<12ug/dl有意义)，血清铁170μg/dl(<50-60ug/dl有意义),
    │                                                                ^^^^^

error: unclosed label
    ┌─ \\?\C:\Users\fallingstar\GeRui\rainoffallingstar.github.io\content\Blog\2020-05-20-医大毕业考中心题库\index.typ:134:66
    │
134 │ 性粒细胞碱性磷酸酶(NAP)阳性率80%，积分200分，血清铁蛋白210μg/L(<12ug/dl有意义)，血清铁170μg/dl(<50-60ug/dl有意义),
    │                                                                                                ^^^^^^^^

error: unclosed label
    ┌─ \\?\C:\Users\fallingstar\GeRui\rainoffallingstar.github.io\content\Blog\2020-05-20-医大毕业考中心题库\index.typ:894:46
    │
894 │ 梳头困难，蹲下站起时困难，查T3600ng/dl(RIA法)，T420.5μg/dl，TSH<0.015?IU/ml，给予口服他巴唑30mg/日,分三次口服，1月后病情好转，半年前自行停药，2个月前再次出现多汗、多食，劳累后心慌、气短明显，夜间有时憋醒。病后大便每日两次，成形便，体重减轻
    │                                                                ^^^^^^

error: unclosed label
     ┌─ \\?\C:\Users\fallingstar\GeRui\rainoffallingstar.github.io\content\Blog\2020-05-20-医大毕业考中心题库\index.typ:1393:28
     │
1393 │ 3.查体上腹中压痛，四肢湿冷，脉压变小，Hb80g/L(<120g/L)。(1分)
     │                                               ^^^^^

error: unclosed label
     ┌─ \\?\C:\Users\fallingstar\GeRui\rainoffallingstar.github.io\content\Blog\2020-05-20-医大毕业考中心题库\index.typ:1420:10
     │
1420 │ 4.Hb82g/L(<120g/L)
     │           ^^^^^

error: unclosed label
     ┌─ \\?\C:\Users\fallingstar\GeRui\rainoffallingstar.github.io\content\Blog\2020-05-20-医大毕业考中心题库\index.typ:2015:10
     │
2015 │ μmol/L(正常值<6.00)；B超：肝脏大小形态正常，实质回声欠均匀，为脂肪肝之表现，胆总管内径约1.2cm，可疑扩大，未见结石影，但
     │              ^^^^^

error: unclosed label
     ┌─ \\?\C:\Users\fallingstar\GeRui\rainoffallingstar.github.io\content\Blog\2020-05-20-医大毕业考中心题库\index.typ:2539:44
     │
2539 │ 90-360mmol/L),肝功能正常，电解质无异常。24hr尿酸定量1260mg(正常<750)。B超：右肾盂扩张，皮质厚度变薄，未见结石影,右输尿
     │                                                                ^^^^
  [ERROR] content\Blog\2020-05-20-医大毕业考中心题库\index.typ 编译失败
  [ERROR] Typst error: warning: html export is under active development and incomplete
 = hint: its behaviour may change at any time
 = hint: do not rely on this feature for production use cases
 = hint: see https://github.com/typst/typst/issues/5512 for more information

error: the character `#` is not valid in code
    ┌─ \\?\C:\Users\fallingstar\GeRui\rainoffallingstar.github.io\content\Blog\2020-08-23-生物竞赛路标系统2.0\index.typ:180:5
    │
180 │ === #### 附录
    │      ^

error: the character `#` is not valid in code
    ┌─ \\?\C:\Users\fallingstar\GeRui\rainoffallingstar.github.io\content\Blog\2020-08-23-生物竞赛路标系统2.0\index.typ:180:7
    │
180 │ === #### 附录
    │        ^
  [ERROR] content\Blog\2020-08-23-生物竞赛路标系统2.0\index.typ 编译失败
  [ERROR] Typst error: warning: html export is under active development and incomplete
 = hint: its behaviour may change at any time
 = hint: do not rely on this feature for production use cases
 = hint: see https://github.com/typst/typst/issues/5512 for more information

error: expected expression
   ┌─ \\?\C:\Users\fallingstar\GeRui\rainoffallingstar.github.io\content\Blog\2021-05-20-临床问诊指北\index.typ:17:18
   │
17 │ - 先来了解一下你的一般情况吧  # 一般情况包括姓名、年龄、性别、民族、地址、籍贯、工作及单位等
   │                                ^

error: expected expression
   ┌─ \\?\C:\Users\fallingstar\GeRui\rainoffallingstar.github.io\content\Blog\2021-05-20-临床问诊指北\index.typ:31:17
   │
31 │     - 你最开始是哪里难受？# 时间、不同部位及进展需要重复问
   │                            ^

error: expected expression
   ┌─ \\?\C:\Users\fallingstar\GeRui\rainoffallingstar.github.io\content\Blog\2021-05-20-临床问诊指北\index.typ:67:26
   │
67 │ - 平时有没有一些慢性病？高血压？糖尿病？肾病？ # 待患者回答一个问题后继续下一个问题，请勿一次连续问完。
   │                                                 ^
  [ERROR] content\Blog\2021-05-20-临床问诊指北\index.typ 编译失败
  [ERROR] Typst error: warning: html export is under active development and incomplete
 = hint: its behaviour may change at any time
 = hint: do not rely on this feature for production use cases
 = hint: see https://github.com/typst/typst/issues/5512 for more information

error: unexpected closing bracket
   ┌─ \\?\C:\Users\fallingstar\GeRui\rainoffallingstar.github.io\content\Blog\2021-08-24-肾肿瘤论文检索与阅读\index.typ:16:83
   │
16 │ 1. [i]Histological subtypes of renal cell carcinoma : Overview and new developments] https://dx.doi.org/10.1007/s00292-021-00937-6
   │                                                                                    ^
   │
   = hint: try using a backslash escape: \]
  [ERROR] content\Blog\2021-08-24-肾肿瘤论文检索与阅读\index.typ 编译失败
  [ERROR] Typst error: warning: html export is under active development and incomplete
 = hint: its behaviour may change at any time
 = hint: do not rely on this feature for production use cases
 = hint: see https://github.com/typst/typst/issues/5512 for more information

error: expected expression
  ┌─ \\?\C:\Users\fallingstar\GeRui\rainoffallingstar.github.io\content\Blog\2021-11-22-Automated Classification of Papillary Renal Cell Carcinoma and Chromophobe Renal Cell Carcinoma Based on a Small Computed Tomography Imaging Dataset Using Deep Learning\index.typ:9:1
  │
9 │ # Automated Classification of Papillary Renal Cell Carcinoma and Chromophobe Renal Cell Carcinoma Based on a Small Computed Tomography Imaging Dataset Using Deep Learning
  │  ^
  [ERROR] content\Blog\2021-11-22-Automated Classification of Papillary Renal Cell Carcinoma and Chromophobe Renal Cell Carcinoma Based on a Small Computed Tomography Imaging Dataset Using Deep Learning\index.typ 编译失败
  [ERROR] 执行 typst 命令时出错: 'gbk' codec can't encode character '\xa5' in position 515: illegal multibyte sequence
  [ERROR] content\Blog\2021-11-30-japan prince\index.typ 编译失败
  [ERROR] Typst error: warning: html export is under active development and incomplete
 = hint: its behaviour may change at any time
 = hint: do not rely on this feature for production use cases
 = hint: see https://github.com/typst/typst/issues/5512 for more information

error: unknown variable: year
   ┌─ \\?\C:\Users\fallingstar\GeRui\rainoffallingstar.github.io\content\Blog\2021-12-01-The collection\index.typ:84:238
   │
84 │ John Donahue at Harvard’s Kennedy School points out that the norms of culture in Western civil services suit those who want to stay put but is bad for high achievers. The only American public-sector workers who earn well above $250,000 a year are university sports coaches and the president of the United States. Bankers’ fat pay packets have attracted much criticism, but a public-sector system that does not reward high achievers may be a much bigger problem for America.
   │                                                                                                                                                                                                                                               ^^^^
   │
   = hint: if you meant to display multiple letters as is, try adding spaces between each letter: `y e a r`
   = hint: or if you meant to display this as text, try placing it in quotes: `"year"`
  [ERROR] content\Blog\2021-12-01-The collection\index.typ 编译失败
  [ERROR] Typst error: warning: html export is under active development and incomplete
 = hint: its behaviour may change at any time
 = hint: do not rely on this feature for production use cases
 = hint: see https://github.com/typst/typst/issues/5512 for more information

error: unexpected closing bracket
   ┌─ \\?\C:\Users\fallingstar\GeRui\rainoffallingstar.github.io\content\Blog\2021-12-05-thelastlibrary\index.typ:69:82
   │
69 │ He nodded gravely, lines of grief creasing his face like cuneiform in clay「泥土里的楔形？]. “It doesn’t get better, I’m afraid. I worked a library 600 years from now, in Berlin of ’33. The Nazi bonfires were on every street corner.”
   │                                                                                           ^
   │
   = hint: try using a backslash escape: \]
  [ERROR] content\Blog\2021-12-05-thelastlibrary\index.typ 编译失败
  [ERROR] Typst error: warning: html export is under active development and incomplete
 = hint: its behaviour may change at any time
 = hint: do not rely on this feature for production use cases
 = hint: see https://github.com/typst/typst/issues/5512 for more information

error: the character `#` is not valid in code
   ┌─ \\?\C:\Users\fallingstar\GeRui\rainoffallingstar.github.io\content\Blog\2021-12-05-利用casaos将deepin打造为一个简易的nas系统\index.typ:52:31
   │
52 │ > 手动安装配置页面如上，填写dockerimage的名称如###/&&&即可自动生成链接，填写webui处的端口以便于在casaos界面内跳转。其他各参数可参考网络上各配置命令行设置。
   │                                                 ^

error: unexpected slash
   ┌─ \\?\C:\Users\fallingstar\GeRui\rainoffallingstar.github.io\content\Blog\2021-12-05-利用casaos将deepin打造为一个简易的nas系统\index.typ:52:33
   │
52 │ > 手动安装配置页面如上，填写dockerimage的名称如###/&&&即可自动生成链接，填写webui处的端口以便于在casaos界面内跳转。其他各参数可参考网络上各配置命令行设置。
   │                                                   ^
  [ERROR] content\Blog\2021-12-05-利用casaos将deepin打造为一个简易的nas系统\index.typ 编译失败
  [ERROR] Typst error: warning: html export is under active development and incomplete
 = hint: its behaviour may change at any time
 = hint: do not rely on this feature for production use cases
 = hint: see https://github.com/typst/typst/issues/5512 for more information

error: unclosed delimiter
    ┌─ \\?\C:\Users\fallingstar\GeRui\rainoffallingstar.github.io\content\Blog\2021-12-05-英语语料库\index.typ:192:87
    │
192 │ 62. Morgan Stanley, a bank, reckons「计算、数」 that annual sales of hydrogen could be worth $600bn by 2050.
    │                                                                                              ^
  [ERROR] content\Blog\2021-12-05-英语语料库\index.typ 编译失败
  [ERROR] Typst error: warning: html export is under active development and incomplete
 = hint: its behaviour may change at any time
 = hint: do not rely on this feature for production use cases
 = hint: see https://github.com/typst/typst/issues/5512 for more information

error: expected expression
   ┌─ \\?\C:\Users\fallingstar\GeRui\rainoffallingstar.github.io\content\Blog\2022-01-08-mskcc分子分型实验步骤翻译（部分）\index.typ:17:44
   │
17 │ 4. TruSeq RNA Access technology (Illumina) # 生成全转录组数据
   │                                             ^

error: unclosed label
    ┌─ \\?\C:\Users\fallingstar\GeRui\rainoffallingstar.github.io\content\Blog\2022-01-08-mskcc分子分型实验步骤翻译（部分）\index.typ:146:555
    │
146 │ All analyses were conducted using Rv3.6.1. Unless otherwise stated, all comparisons for continuous variables use the two-sided Mann-Whitney test (R function wilcox.test) for two groups and the Kruskal-Wallis test (R function kruskal.test) for more than two groups. Dunn’s post-hoc test was applied with Benjamini-Hochberg multiple testing correction for pairwise comparisons. For categorical variables, Pearson’s Chi-squared test with continuity correction was used (R function chisq.test). Unless otherwise stated, FDR-adjusted p-values are reported. : p<0.05; : p<0.01; : p<0.001. Survival analyses were conducted using Cox-proportional hazard models using the R survival package (v3.1.7). Log-rank p-values were reported for survival analyses including more than two groups. For all boxplots, the horizontal line represents the median. The lower and upper hinges correspond to the first and third quartiles. The upper whisker extends from the hinge to the largest value no further than 1.5  IQR from the hinge (where IQR is the interquartile range, or distance between the first and third quartiles). The lower whisker extends from the hinge to the smallest value at most 1.5  IQR of the hinge.
    │                                                                                                                                                                                                                                                                                                                                                                                                                                                                                                                                                                            ^^^^^

error: unclosed label
    ┌─ \\?\C:\Users\fallingstar\GeRui\rainoffallingstar.github.io\content\Blog\2022-01-08-mskcc分子分型实验步骤翻译（部分）\index.typ:146:565
    │
146 │ All analyses were conducted using Rv3.6.1. Unless otherwise stated, all comparisons for continuous variables use the two-sided Mann-Whitney test (R function wilcox.test) for two groups and the Kruskal-Wallis test (R function kruskal.test) for more than two groups. Dunn’s post-hoc test was applied with Benjamini-Hochberg multiple testing correction for pairwise comparisons. For categorical variables, Pearson’s Chi-squared test with continuity correction was used (R function chisq.test). Unless otherwise stated, FDR-adjusted p-values are reported. : p<0.05; : p<0.01; : p<0.001. Survival analyses were conducted using Cox-proportional hazard models using the R survival package (v3.1.7). Log-rank p-values were reported for survival analyses including more than two groups. For all boxplots, the horizontal line represents the median. The lower and upper hinges correspond to the first and third quartiles. The upper whisker extends from the hinge to the largest value no further than 1.5  IQR from the hinge (where IQR is the interquartile range, or distance between the first and third quartiles). The lower whisker extends from the hinge to the smallest value at most 1.5  IQR of the hinge.
    │                                                                                                                                                                                                                                                                                                                                                                                                                                                                                                                                                                                      ^^^^^

error: unclosed label
    ┌─ \\?\C:\Users\fallingstar\GeRui\rainoffallingstar.github.io\content\Blog\2022-01-08-mskcc分子分型实验步骤翻译（部分）\index.typ:146:575
    │
146 │ All analyses were conducted using Rv3.6.1. Unless otherwise stated, all comparisons for continuous variables use the two-sided Mann-Whitney test (R function wilcox.test) for two groups and the Kruskal-Wallis test (R function kruskal.test) for more than two groups. Dunn’s post-hoc test was applied with Benjamini-Hochberg multiple testing correction for pairwise comparisons. For categorical variables, Pearson’s Chi-squared test with continuity correction was used (R function chisq.test). Unless otherwise stated, FDR-adjusted p-values are reported. : p<0.05; : p<0.01; : p<0.001. Survival analyses were conducted using Cox-proportional hazard models using the R survival package (v3.1.7). Log-rank p-values were reported for survival analyses including more than two groups. For all boxplots, the horizontal line represents the median. The lower and upper hinges correspond to the first and third quartiles. The upper whisker extends from the hinge to the largest value no further than 1.5  IQR from the hinge (where IQR is the interquartile range, or distance between the first and third quartiles). The lower whisker extends from the hinge to the smallest value at most 1.5  IQR of the hinge.
    │                                                                                                                                                                                                                                                                                                                                                                                                                                                                                                                                                                                                ^^^^^^^
  [ERROR] content\Blog\2022-01-08-mskcc分子分型实验步骤翻译（部分）\index.typ 编译失败
  [ERROR] Typst error: warning: html export is under active development and incomplete
 = hint: its behaviour may change at any time
 = hint: do not rely on this feature for production use cases
 = hint: see https://github.com/typst/typst/issues/5512 for more information

error: unclosed delimiter
   ┌─ \\?\C:\Users\fallingstar\GeRui\rainoffallingstar.github.io\content\Blog\2022-04-09-面试非专业问题指北\index.typ:55:454
   │
55 │    > The person I admire most is Yuan Longping, the father of hybrid rice. He has helped China work a great wonder feeding nearly one-fifth of the world's population with less than 9 percent of the world's total land. His entire life was immersed in the paddy fields, and his feats were spread across the land. He/She committed_ his/her_ life_ to serving_ the_ nation/society/world_ through science, technology_ and_ innovation/education. His/Her sublime_ character and noble sentiment vividly portrays the spirit of scientists/educators in the new era. His/Her deeds made me grasp the importance of cherishing food/peace, and let me firm determination to serve the people and contribute to the motherland.(这几句可用于其他科学家、教育家等)
   │                                                                                                                                                                                                                                                                                                                                                                                                                                                                       ^
  [ERROR] content\Blog\2022-04-09-面试非专业问题指北\index.typ 编译失败
  [ERROR] Typst error: warning: html export is under active development and incomplete
 = hint: its behaviour may change at any time
 = hint: do not rely on this feature for production use cases
 = hint: see https://github.com/typst/typst/issues/5512 for more information

error: expected expression
  ┌─ \\?\C:\Users\fallingstar\GeRui\rainoffallingstar.github.io\content\Blog\2022-05-18-Paired Mass Distance(PMD) analysis for MS based non-targeted analysis\index.typ:7:1
  │
7 │ # Paired Mass Distance(PMD) analysis for GC/LC-MS based non-targeted analysis
  │  ^

error: unclosed raw text
    ┌─ \\?\C:\Users\fallingstar\GeRui\rainoffallingstar.github.io\content\Blog\2022-05-18-Paired Mass Distance(PMD) analysis for MS based non-targeted analysis\index.typ:583:4
    │  
583 │   `pmd`软件包可用于减少GC/LC-MS研究的冗余峰，并进行结构/反应导向分析，以筛选已知和未知的重要化合物或反应。
    │ ╭─────^
584 │ │ 
585 │ │ = 注释
586 │ │ 
    · │
592 │ │ [^6]:  DIA(data-independent acquisition，数据非依赖性采集)技术是近年来发展起来的一种新的质谱技术，属于非标记蛋白质组学方法。采用数据非依赖性扫描模式：将质谱整个全扫描范围分为若干个窗口，然后对每个窗口中的所有离子进行检测、碎裂，从而无遗漏、无差异地获得样本中所有离子的信息。从而降低样本检测的缺失值，同时提高定量准确性和重复性，实现大样本队列中高稳定，高准确的蛋白质组定量分析。 与DDA技术相比，DIA技术的优势包括：(1)采集所有的离子信息，实现更高的数据覆盖度；(2)减少采集的随机性，实现更高的检测重现性、稳定性；(3)采用碎片离子定量，定量精密度、准确性、线性范围大大提高。基于上述技术优势，DIA技术尤其适用于大规模样本的高度覆盖、稳定和可追溯地分析。
593 │ │ [^7]: DDA为数据依赖性采集方式，选择一级质谱中特定数量的肽段分子(如信号强度最强的前10个离子)进行高能碰撞碎裂，产生的碎片离子送入二级质谱检测。
    │ ╰─────────────────────────────────────────────────────────────────────────────────────────────────────────────────────────────────────────────^
  [ERROR] content\Blog\2022-05-18-Paired Mass Distance(PMD) analysis for MS based non-targeted analysis\index.typ 编译失败
  [ERROR] Typst error: warning: html export is under active development and incomplete
 = hint: its behaviour may change at any time
 = hint: do not rely on this feature for production use cases
 = hint: see https://github.com/typst/typst/issues/5512 for more information

error: expected comma
   ┌─ \\?\C:\Users\fallingstar\GeRui\rainoffallingstar.github.io\content\Blog\2022-06-18-在DL领域中乳腺超声数据的处理探究\index.typ:48:8
   │
48 │ Model: "sequential_1"
   │         ^

error: expected comma
   ┌─ \\?\C:\Users\fallingstar\GeRui\rainoffallingstar.github.io\content\Blog\2022-06-18-在DL领域中乳腺超声数据的处理探究\index.typ:48:20
   │
48 │ Model: "sequential_1"
   │                     ^
  [ERROR] content\Blog\2022-06-18-在DL领域中乳腺超声数据的处理探究\index.typ 编译失败
  [ERROR] Typst error: warning: html export is under active development and incomplete
 = hint: its behaviour may change at any time
 = hint: do not rely on this feature for production use cases
 = hint: see https://github.com/typst/typst/issues/5512 for more information

error: the character `#` is not valid in code
   ┌─ \\?\C:\Users\fallingstar\GeRui\rainoffallingstar.github.io\content\Blog\2022-09-03-打包属于自己数据的PASCAL-VOC-2012目标检测数据集\index.typ:14:16
   │
14 │     + Annotations # 存放目标检测的标注XML文件
   │                   ^

error: the character `#` is not valid in code
   ┌─ \\?\C:\Users\fallingstar\GeRui\rainoffallingstar.github.io\content\Blog\2022-09-03-打包属于自己数据的PASCAL-VOC-2012目标检测数据集\index.typ:16:13
   │
16 │       + main    # 包括trainval、train和val 这3个txt文件主要描述训练集及验证集的文件划分
   │                 ^

error: the character `、` is not valid in code
   ┌─ \\?\C:\Users\fallingstar\GeRui\rainoffallingstar.github.io\content\Blog\2022-09-03-打包属于自己数据的PASCAL-VOC-2012目标检测数据集\index.typ:16:25
   │
16 │       + main    # 包括trainval、train和val 这3个txt文件主要描述训练集及验证集的文件划分
   │                               ^^

error: expected comma
   ┌─ \\?\C:\Users\fallingstar\GeRui\rainoffallingstar.github.io\content\Blog\2022-09-03-打包属于自己数据的PASCAL-VOC-2012目标检测数据集\index.typ:16:35
   │
16 │       + main    # 包括trainval、train和val 这3个txt文件主要描述训练集及验证集的文件划分
   │                                           ^

error: the character `#` is not valid in code
   ┌─ \\?\C:\Users\fallingstar\GeRui\rainoffallingstar.github.io\content\Blog\2022-09-03-打包属于自己数据的PASCAL-VOC-2012目标检测数据集\index.typ:17:16
   │
17 │     + JPEGImages  # 存放目标检测的原始图像
   │                   ^

error: the character `#` is not valid in code
   ┌─ \\?\C:\Users\fallingstar\GeRui\rainoffallingstar.github.io\content\Blog\2022-09-03-打包属于自己数据的PASCAL-VOC-2012目标检测数据集\index.typ:18:25
   │
18 │     + SegmentationClass    # 语义分割任务中用到的label图片
   │                            ^

error: the character `#` is not valid in code
   ┌─ \\?\C:\Users\fallingstar\GeRui\rainoffallingstar.github.io\content\Blog\2022-09-03-打包属于自己数据的PASCAL-VOC-2012目标检测数据集\index.typ:19:25
   │
19 │     + SegmentationObject   # 实例分割任务用到的label图片
   │                            ^

error: expected comma
   ┌─ \\?\C:\Users\fallingstar\GeRui\rainoffallingstar.github.io\content\Blog\2022-09-03-打包属于自己数据的PASCAL-VOC-2012目标检测数据集\index.typ:26:10
   │
26 │ import cv2
   │           ^

error: expected comma
   ┌─ \\?\C:\Users\fallingstar\GeRui\rainoffallingstar.github.io\content\Blog\2022-09-03-打包属于自己数据的PASCAL-VOC-2012目标检测数据集\index.typ:27:18
   │
27 │ import numpy as np
   │                   ^

error: expected expression
   ┌─ \\?\C:\Users\fallingstar\GeRui\rainoffallingstar.github.io\content\Blog\2022-09-03-打包属于自己数据的PASCAL-VOC-2012目标检测数据集\index.typ:28:6
   │
28 │ import #link("https://docs.python.org/3/library/os.path.html")[os.path]
   │       ^

error: the character `#` is not valid in code
   ┌─ \\?\C:\Users\fallingstar\GeRui\rainoffallingstar.github.io\content\Blog\2022-09-03-打包属于自己数据的PASCAL-VOC-2012目标检测数据集\index.typ:28:7
   │
28 │ import #link("https://docs.python.org/3/library/os.path.html")[os.path]
   │        ^

error: expected comma
   ┌─ \\?\C:\Users\fallingstar\GeRui\rainoffallingstar.github.io\content\Blog\2022-09-03-打包属于自己数据的PASCAL-VOC-2012目标检测数据集\index.typ:28:71
   │
28 │ import #link("https://docs.python.org/3/library/os.path.html")[os.path]
   │                                                                        ^

error: the character `#` is not valid in code
   ┌─ \\?\C:\Users\fallingstar\GeRui\rainoffallingstar.github.io\content\Blog\2022-09-03-打包属于自己数据的PASCAL-VOC-2012目标检测数据集\index.typ:29:5
   │
29 │ from #link("https://docs.python.org/3/library/shutil.html")[shutil] import copy, rmtree
   │      ^

error: expected comma
   ┌─ \\?\C:\Users\fallingstar\GeRui\rainoffallingstar.github.io\content\Blog\2022-09-03-打包属于自己数据的PASCAL-VOC-2012目标检测数据集\index.typ:29:67
   │
29 │ from #link("https://docs.python.org/3/library/shutil.html")[shutil] import copy, rmtree
   │                                                                    ^

error: the character `#` is not valid in code
   ┌─ \\?\C:\Users\fallingstar\GeRui\rainoffallingstar.github.io\content\Blog\2022-09-03-打包属于自己数据的PASCAL-VOC-2012目标检测数据集\index.typ:31:0
   │
31 │ # 旋转
   │ ^

error: expected comma
   ┌─ \\?\C:\Users\fallingstar\GeRui\rainoffallingstar.github.io\content\Blog\2022-09-03-打包属于自己数据的PASCAL-VOC-2012目标检测数据集\index.typ:31:4
   │
31 │ # 旋转
   │       ^

error: expected comma
   ┌─ \\?\C:\Users\fallingstar\GeRui\rainoffallingstar.github.io\content\Blog\2022-09-03-打包属于自己数据的PASCAL-VOC-2012目标检测数据集\index.typ:32:3
   │
32 │ def rotate(image, angle, center=None, scale=1.0):
   │    ^

error: expected identifier, found function call
   ┌─ \\?\C:\Users\fallingstar\GeRui\rainoffallingstar.github.io\content\Blog\2022-09-03-打包属于自己数据的PASCAL-VOC-2012目标检测数据集\index.typ:32:4
   │
32 │ def rotate(image, angle, center=None, scale=1.0):
   │     ^^^^^^^^^^^^^^^^^^^^^^^^^^^^^^^^^^^^^^^^^^^^

error: expected comma
   ┌─ \\?\C:\Users\fallingstar\GeRui\rainoffallingstar.github.io\content\Blog\2022-09-03-打包属于自己数据的PASCAL-VOC-2012目标检测数据集\index.typ:33:28
   │
33 │     (h, w) = image.shape[:2]
   │                             ^

error: expected block
   ┌─ \\?\C:\Users\fallingstar\GeRui\rainoffallingstar.github.io\content\Blog\2022-09-03-打包属于自己数据的PASCAL-VOC-2012目标检测数据集\index.typ:34:13
   │
34 │     if center is None:
   │              ^

error: expected comma
   ┌─ \\?\C:\Users\fallingstar\GeRui\rainoffallingstar.github.io\content\Blog\2022-09-03-打包属于自己数据的PASCAL-VOC-2012目标检测数据集\index.typ:34:13
   │
34 │     if center is None:
   │              ^

error: expected comma
   ┌─ \\?\C:\Users\fallingstar\GeRui\rainoffallingstar.github.io\content\Blog\2022-09-03-打包属于自己数据的PASCAL-VOC-2012目标检测数据集\index.typ:34:16
   │
34 │     if center is None:
   │                 ^

error: expected comma
   ┌─ \\?\C:\Users\fallingstar\GeRui\rainoffallingstar.github.io\content\Blog\2022-09-03-打包属于自己数据的PASCAL-VOC-2012目标检测数据集\index.typ:35:31
   │
35 │         center = (w / 2, h / 2)
   │                                ^

error: expected comma
   ┌─ \\?\C:\Users\fallingstar\GeRui\rainoffallingstar.github.io\content\Blog\2022-09-03-打包属于自己数据的PASCAL-VOC-2012目标检测数据集\index.typ:36:53
   │
36 │     m = cv2.getRotationMatrix2D(center, angle, scale)
   │                                                      ^

error: expected comma
   ┌─ \\?\C:\Users\fallingstar\GeRui\rainoffallingstar.github.io\content\Blog\2022-09-03-打包属于自己数据的PASCAL-VOC-2012目标检测数据集\index.typ:37:46
   │
37 │     rotated = cv2.warpAffine(image, m, (w, h))
   │                                               ^

error: expected comma
   ┌─ \\?\C:\Users\fallingstar\GeRui\rainoffallingstar.github.io\content\Blog\2022-09-03-打包属于自己数据的PASCAL-VOC-2012目标检测数据集\index.typ:38:18
   │
38 │     return rotated
   │                   ^

error: expected comma
   ┌─ \\?\C:\Users\fallingstar\GeRui\rainoffallingstar.github.io\content\Blog\2022-09-03-打包属于自己数据的PASCAL-VOC-2012目标检测数据集\index.typ:39:65
   │
39 │ cla_path = "D:/kidney-detection/data/VOCdevkit/VOC2012/JPEGImage"
   │                                                                  ^

error: expected comma
   ┌─ \\?\C:\Users\fallingstar\GeRui\rainoffallingstar.github.io\content\Blog\2022-09-03-打包属于自己数据的PASCAL-VOC-2012目标检测数据集\index.typ:40:69
   │
40 │ target_path = "D:/kidney-detection/data/VOCdevkit/VOC2012/JPEGImages"
   │                                                                      ^

error: expected comma
   ┌─ \\?\C:\Users\fallingstar\GeRui\rainoffallingstar.github.io\content\Blog\2022-09-03-打包属于自己数据的PASCAL-VOC-2012目标检测数据集\index.typ:41:29
   │
41 │ images = os.listdir(cla_path)
   │                              ^

error: expected identifier, found for-loop expression
   ┌─ \\?\C:\Users\fallingstar\GeRui\rainoffallingstar.github.io\content\Blog\2022-09-03-打包属于自己数据的PASCAL-VOC-2012目标检测数据集\index.typ:42:0
   │
42 │ for img_name in images:
   │ ^^^^^^^^^^^^^^^^^^^^^^

error: expected comma
   ┌─ \\?\C:\Users\fallingstar\GeRui\rainoffallingstar.github.io\content\Blog\2022-09-03-打包属于自己数据的PASCAL-VOC-2012目标检测数据集\index.typ:43:47
   │
43 │     img = cv2.imread(cla_path + "/" + img_name)
   │                                                ^

error: expected comma
   ┌─ \\?\C:\Users\fallingstar\GeRui\rainoffallingstar.github.io\content\Blog\2022-09-03-打包属于自己数据的PASCAL-VOC-2012目标检测数据集\index.typ:44:21
   │
44 │     num = len(images)
   │                      ^

error: expected comma
   ┌─ \\?\C:\Users\fallingstar\GeRui\rainoffallingstar.github.io\content\Blog\2022-09-03-打包属于自己数据的PASCAL-VOC-2012目标检测数据集\index.typ:45:34
   │
45 │     rotated_360 = rotate(img, 360)
   │                                   ^

error: expected expression
   ┌─ \\?\C:\Users\fallingstar\GeRui\rainoffallingstar.github.io\content\Blog\2022-09-03-打包属于自己数据的PASCAL-VOC-2012目标检测数据集\index.typ:46:52
   │
46 │     cv2.imwrite(target_path + "/" + img_name[0:-4] + '.jpg', rotated_360)
   │                                                     ^

error: the character `'` is not valid in code
   ┌─ \\?\C:\Users\fallingstar\GeRui\rainoffallingstar.github.io\content\Blog\2022-09-03-打包属于自己数据的PASCAL-VOC-2012目标检测数据集\index.typ:46:53
   │
46 │     cv2.imwrite(target_path + "/" + img_name[0:-4] + '.jpg', rotated_360)
   │                                                      ^

error: unexpected dot
   ┌─ \\?\C:\Users\fallingstar\GeRui\rainoffallingstar.github.io\content\Blog\2022-09-03-打包属于自己数据的PASCAL-VOC-2012目标检测数据集\index.typ:46:54
   │
46 │     cv2.imwrite(target_path + "/" + img_name[0:-4] + '.jpg', rotated_360)
   │                                                       ^

error: the character `'` is not valid in code
   ┌─ \\?\C:\Users\fallingstar\GeRui\rainoffallingstar.github.io\content\Blog\2022-09-03-打包属于自己数据的PASCAL-VOC-2012目标检测数据集\index.typ:46:58
   │
46 │     cv2.imwrite(target_path + "/" + img_name[0:-4] + '.jpg', rotated_360)
   │                                                           ^

error: unexpected comma
   ┌─ \\?\C:\Users\fallingstar\GeRui\rainoffallingstar.github.io\content\Blog\2022-09-03-打包属于自己数据的PASCAL-VOC-2012目标检测数据集\index.typ:46:59
   │
46 │     cv2.imwrite(target_path + "/" + img_name[0:-4] + '.jpg', rotated_360)
   │                                                            ^

error: expected comma
   ┌─ \\?\C:\Users\fallingstar\GeRui\rainoffallingstar.github.io\content\Blog\2022-09-03-打包属于自己数据的PASCAL-VOC-2012目标检测数据集\index.typ:56:9
   │
56 │ import os
   │          ^

error: expected comma
   ┌─ \\?\C:\Users\fallingstar\GeRui\rainoffallingstar.github.io\content\Blog\2022-09-03-打包属于自己数据的PASCAL-VOC-2012目标检测数据集\index.typ:57:14
   │
57 │ import os.path
   │               ^

error: expected comma
   ┌─ \\?\C:\Users\fallingstar\GeRui\rainoffallingstar.github.io\content\Blog\2022-09-03-打包属于自己数据的PASCAL-VOC-2012目标检测数据集\index.typ:59:72
   │
59 │ rootdir = "D:/迅雷下载/VOCtrainval_11-May-2012/VOCdevkit/VOC2012/JPEGImages"
   │                                                                             ^

error: the character `'` is not valid in code
   ┌─ \\?\C:\Users\fallingstar\GeRui\rainoffallingstar.github.io\content\Blog\2022-09-03-打包属于自己数据的PASCAL-VOC-2012目标检测数据集\index.typ:61:19
   │
61 │ file_object = open('D:/迅雷下载/VOCtrainval_11-May-2012/VOCdevkit/VOC2012/ImageSets/Main/trainval.txt','w')
   │                    ^

error: expected expression
   ┌─ \\?\C:\Users\fallingstar\GeRui\rainoffallingstar.github.io\content\Blog\2022-09-03-打包属于自己数据的PASCAL-VOC-2012目标检测数据集\index.typ:61:22
   │
61 │ file_object = open('D:/迅雷下载/VOCtrainval_11-May-2012/VOCdevkit/VOC2012/ImageSets/Main/trainval.txt','w')
   │                       ^

error: the character `'` is not valid in code
   ┌─ \\?\C:\Users\fallingstar\GeRui\rainoffallingstar.github.io\content\Blog\2022-09-03-打包属于自己数据的PASCAL-VOC-2012目标检测数据集\index.typ:61:97
   │
61 │ file_object = open('D:/迅雷下载/VOCtrainval_11-May-2012/VOCdevkit/VOC2012/ImageSets/Main/trainval.txt','w')
   │                                                                                                      ^

error: unexpected comma
   ┌─ \\?\C:\Users\fallingstar\GeRui\rainoffallingstar.github.io\content\Blog\2022-09-03-打包属于自己数据的PASCAL-VOC-2012目标检测数据集\index.typ:61:98
   │
61 │ file_object = open('D:/迅雷下载/VOCtrainval_11-May-2012/VOCdevkit/VOC2012/ImageSets/Main/trainval.txt','w')
   │                                                                                                       ^

error: the character `'` is not valid in code
   ┌─ \\?\C:\Users\fallingstar\GeRui\rainoffallingstar.github.io\content\Blog\2022-09-03-打包属于自己数据的PASCAL-VOC-2012目标检测数据集\index.typ:61:99
   │
61 │ file_object = open('D:/迅雷下载/VOCtrainval_11-May-2012/VOCdevkit/VOC2012/ImageSets/Main/trainval.txt','w')
   │                                                                                                        ^

error: the character `'` is not valid in code
   ┌─ \\?\C:\Users\fallingstar\GeRui\rainoffallingstar.github.io\content\Blog\2022-09-03-打包属于自己数据的PASCAL-VOC-2012目标检测数据集\index.typ:61:101
   │
61 │ file_object = open('D:/迅雷下载/VOCtrainval_11-May-2012/VOCdevkit/VOC2012/ImageSets/Main/trainval.txt','w')
   │                                                                                                          ^

error: expected comma
   ┌─ \\?\C:\Users\fallingstar\GeRui\rainoffallingstar.github.io\content\Blog\2022-09-03-打包属于自己数据的PASCAL-VOC-2012目标检测数据集\index.typ:61:103
   │
61 │ file_object = open('D:/迅雷下载/VOCtrainval_11-May-2012/VOCdevkit/VOC2012/ImageSets/Main/trainval.txt','w')
   │                                                                                                            ^

error: unexpected comma
   ┌─ \\?\C:\Users\fallingstar\GeRui\rainoffallingstar.github.io\content\Blog\2022-09-03-打包属于自己数据的PASCAL-VOC-2012目标检测数据集\index.typ:63:10
   │
63 │ for parent,dirnames,filenames in os.walk(rootdir):
   │           ^
   │
   = hint: destructuring patterns must be wrapped in parentheses

error: expected keyword `in`
   ┌─ \\?\C:\Users\fallingstar\GeRui\rainoffallingstar.github.io\content\Blog\2022-09-03-打包属于自己数据的PASCAL-VOC-2012目标检测数据集\index.typ:63:19
   │
63 │ for parent,dirnames,filenames in os.walk(rootdir):
   │                    ^

error: expected identifier, found binary expression
   ┌─ \\?\C:\Users\fallingstar\GeRui\rainoffallingstar.github.io\content\Blog\2022-09-03-打包属于自己数据的PASCAL-VOC-2012目标检测数据集\index.typ:63:20
   │
63 │ for parent,dirnames,filenames in os.walk(rootdir):
   │                     ^^^^^^^^^^^^^^^^^^^^^^^^^^^^^

error: expected block
   ┌─ \\?\C:\Users\fallingstar\GeRui\rainoffallingstar.github.io\content\Blog\2022-09-03-打包属于自己数据的PASCAL-VOC-2012目标检测数据集\index.typ:64:26
   │
64 │   for filename in filenames:
   │                            ^

error: unexpected colon
   ┌─ \\?\C:\Users\fallingstar\GeRui\rainoffallingstar.github.io\content\Blog\2022-09-03-打包属于自己数据的PASCAL-VOC-2012目标检测数据集\index.typ:64:26
   │
64 │   for filename in filenames:
   │                            ^

error: expected comma
   ┌─ \\?\C:\Users\fallingstar\GeRui\rainoffallingstar.github.io\content\Blog\2022-09-03-打包属于自己数据的PASCAL-VOC-2012目标检测数据集\index.typ:65:17
   │
65 │     print(filename)
   │                    ^

error: expected identifier, found `if` expression
   ┌─ \\?\C:\Users\fallingstar\GeRui\rainoffallingstar.github.io\content\Blog\2022-09-03-打包属于自己数据的PASCAL-VOC-2012目标检测数据集\index.typ:66:2
   │
66 │     if ".jpg" in filename:
   │     ^^^^^^^^^^^^^^^^^^^^^

error: expected comma
   ┌─ \\?\C:\Users\fallingstar\GeRui\rainoffallingstar.github.io\content\Blog\2022-09-03-打包属于自己数据的PASCAL-VOC-2012目标检测数据集\index.typ:67:56
   │
67 │                  fileName= os.path.splitext(filename)[0]
   │                                                         ^

error: expected comma
   ┌─ \\?\C:\Users\fallingstar\GeRui\rainoffallingstar.github.io\content\Blog\2022-09-03-打包属于自己数据的PASCAL-VOC-2012目标检测数据集\index.typ:68:32
   │
68 │                  print(fileName)
   │                                 ^

error: expected expression
   ┌─ \\?\C:\Users\fallingstar\GeRui\rainoffallingstar.github.io\content\Blog\2022-09-03-打包属于自己数据的PASCAL-VOC-2012目标检测数据集\index.typ:69:45
   │
69 │                  file_object.write(fileName + '\n')
   │                                              ^

error: the character `'` is not valid in code
   ┌─ \\?\C:\Users\fallingstar\GeRui\rainoffallingstar.github.io\content\Blog\2022-09-03-打包属于自己数据的PASCAL-VOC-2012目标检测数据集\index.typ:69:46
   │
69 │                  file_object.write(fileName + '\n')
   │                                               ^

error: the character `\` is not valid in code
   ┌─ \\?\C:\Users\fallingstar\GeRui\rainoffallingstar.github.io\content\Blog\2022-09-03-打包属于自己数据的PASCAL-VOC-2012目标检测数据集\index.typ:69:47
   │
69 │                  file_object.write(fileName + '\n')
   │                                                ^

error: the character `'` is not valid in code
   ┌─ \\?\C:\Users\fallingstar\GeRui\rainoffallingstar.github.io\content\Blog\2022-09-03-打包属于自己数据的PASCAL-VOC-2012目标检测数据集\index.typ:69:49
   │
69 │                  file_object.write(fileName + '\n')
   │                                                  ^

error: expected comma
   ┌─ \\?\C:\Users\fallingstar\GeRui\rainoffallingstar.github.io\content\Blog\2022-09-03-打包属于自己数据的PASCAL-VOC-2012目标检测数据集\index.typ:69:51
   │
69 │                  file_object.write(fileName + '\n')
   │                                                    ^

error: expected comma
   ┌─ \\?\C:\Users\fallingstar\GeRui\rainoffallingstar.github.io\content\Blog\2022-09-03-打包属于自己数据的PASCAL-VOC-2012目标检测数据集\index.typ:70:19
   │
70 │ file_object.close()
   │                    ^

error: expected comma
   ┌─ \\?\C:\Users\fallingstar\GeRui\rainoffallingstar.github.io\content\Blog\2022-09-03-打包属于自己数据的PASCAL-VOC-2012目标检测数据集\index.typ:71:2
   │
71 │ """
   │   ^

error: expected comma
   ┌─ \\?\C:\Users\fallingstar\GeRui\rainoffallingstar.github.io\content\Blog\2022-09-03-打包属于自己数据的PASCAL-VOC-2012目标检测数据集\index.typ:73:1
   │
73 │ """
   │  ^

error: expected comma
   ┌─ \\?\C:\Users\fallingstar\GeRui\rainoffallingstar.github.io\content\Blog\2022-09-03-打包属于自己数据的PASCAL-VOC-2012目标检测数据集\index.typ:73:3
   │
73 │ """
   │    ^

error: expected comma
   ┌─ \\?\C:\Users\fallingstar\GeRui\rainoffallingstar.github.io\content\Blog\2022-09-03-打包属于自己数据的PASCAL-VOC-2012目标检测数据集\index.typ:75:4
   │
75 │ from sklearn import model_selection
   │     ^

error: expected comma
   ┌─ \\?\C:\Users\fallingstar\GeRui\rainoffallingstar.github.io\content\Blog\2022-09-03-打包属于自己数据的PASCAL-VOC-2012目标检测数据集\index.typ:75:12
   │
75 │ from sklearn import model_selection
   │             ^

error: expected comma
   ┌─ \\?\C:\Users\fallingstar\GeRui\rainoffallingstar.github.io\content\Blog\2022-09-03-打包属于自己数据的PASCAL-VOC-2012目标检测数据集\index.typ:75:35
   │
75 │ from sklearn import model_selection
   │                                    ^

error: expected comma
   ┌─ \\?\C:\Users\fallingstar\GeRui\rainoffallingstar.github.io\content\Blog\2022-09-03-打包属于自己数据的PASCAL-VOC-2012目标检测数据集\index.typ:77:6
   │
77 │ c = []
   │       ^

error: the character `#` is not valid in code
   ┌─ \\?\C:\Users\fallingstar\GeRui\rainoffallingstar.github.io\content\Blog\2022-09-03-打包属于自己数据的PASCAL-VOC-2012目标检测数据集\index.typ:79:0
   │
79 │ #filename = r'E:/NER/CCKS2020/Data/ccks2020_2_task1_train/task1_train.txt'
   │ ^

error: the character `'` is not valid in code
   ┌─ \\?\C:\Users\fallingstar\GeRui\rainoffallingstar.github.io\content\Blog\2022-09-03-打包属于自己数据的PASCAL-VOC-2012目标检测数据集\index.typ:79:13
   │
79 │ #filename = r'E:/NER/CCKS2020/Data/ccks2020_2_task1_train/task1_train.txt'
   │              ^

error: expected expression
   ┌─ \\?\C:\Users\fallingstar\GeRui\rainoffallingstar.github.io\content\Blog\2022-09-03-打包属于自己数据的PASCAL-VOC-2012目标检测数据集\index.typ:79:16
   │
79 │ #filename = r'E:/NER/CCKS2020/Data/ccks2020_2_task1_train/task1_train.txt'
   │                 ^

error: the character `'` is not valid in code
   ┌─ \\?\C:\Users\fallingstar\GeRui\rainoffallingstar.github.io\content\Blog\2022-09-03-打包属于自己数据的PASCAL-VOC-2012目标检测数据集\index.typ:79:73
   │
79 │ #filename = r'E:/NER/CCKS2020/Data/ccks2020_2_task1_train/task1_train.txt'
   │                                                                          ^

error: the character `'` is not valid in code
   ┌─ \\?\C:\Users\fallingstar\GeRui\rainoffallingstar.github.io\content\Blog\2022-09-03-打包属于自己数据的PASCAL-VOC-2012目标检测数据集\index.typ:80:17
   │
80 │ filename = open(r'D:/迅雷下载/VOCtrainval_11-May-2012/VOCdevkit/VOC2012/ImageSets/Main/trainval.txt','r',encoding='utf-8')
   │                  ^

error: expected expression
   ┌─ \\?\C:\Users\fallingstar\GeRui\rainoffallingstar.github.io\content\Blog\2022-09-03-打包属于自己数据的PASCAL-VOC-2012目标检测数据集\index.typ:80:20
   │
80 │ filename = open(r'D:/迅雷下载/VOCtrainval_11-May-2012/VOCdevkit/VOC2012/ImageSets/Main/trainval.txt','r',encoding='utf-8')
   │                     ^

error: the character `'` is not valid in code
   ┌─ \\?\C:\Users\fallingstar\GeRui\rainoffallingstar.github.io\content\Blog\2022-09-03-打包属于自己数据的PASCAL-VOC-2012目标检测数据集\index.typ:80:95
   │
80 │ filename = open(r'D:/迅雷下载/VOCtrainval_11-May-2012/VOCdevkit/VOC2012/ImageSets/Main/trainval.txt','r',encoding='utf-8')
   │                                                                                                    ^

error: unexpected comma
   ┌─ \\?\C:\Users\fallingstar\GeRui\rainoffallingstar.github.io\content\Blog\2022-09-03-打包属于自己数据的PASCAL-VOC-2012目标检测数据集\index.typ:80:96
   │
80 │ filename = open(r'D:/迅雷下载/VOCtrainval_11-May-2012/VOCdevkit/VOC2012/ImageSets/Main/trainval.txt','r',encoding='utf-8')
   │                                                                                                     ^

error: the character `'` is not valid in code
   ┌─ \\?\C:\Users\fallingstar\GeRui\rainoffallingstar.github.io\content\Blog\2022-09-03-打包属于自己数据的PASCAL-VOC-2012目标检测数据集\index.typ:80:97
   │
80 │ filename = open(r'D:/迅雷下载/VOCtrainval_11-May-2012/VOCdevkit/VOC2012/ImageSets/Main/trainval.txt','r',encoding='utf-8')
   │                                                                                                      ^

error: the character `'` is not valid in code
   ┌─ \\?\C:\Users\fallingstar\GeRui\rainoffallingstar.github.io\content\Blog\2022-09-03-打包属于自己数据的PASCAL-VOC-2012目标检测数据集\index.typ:80:99
   │
80 │ filename = open(r'D:/迅雷下载/VOCtrainval_11-May-2012/VOCdevkit/VOC2012/ImageSets/Main/trainval.txt','r',encoding='utf-8')
   │                                                                                                        ^

error: unexpected comma
   ┌─ \\?\C:\Users\fallingstar\GeRui\rainoffallingstar.github.io\content\Blog\2022-09-03-打包属于自己数据的PASCAL-VOC-2012目标检测数据集\index.typ:80:100
   │
80 │ filename = open(r'D:/迅雷下载/VOCtrainval_11-May-2012/VOCdevkit/VOC2012/ImageSets/Main/trainval.txt','r',encoding='utf-8')
   │                                                                                                         ^

error: expected expression
   ┌─ \\?\C:\Users\fallingstar\GeRui\rainoffallingstar.github.io\content\Blog\2022-09-03-打包属于自己数据的PASCAL-VOC-2012目标检测数据集\index.typ:80:110
   │
80 │ filename = open(r'D:/迅雷下载/VOCtrainval_11-May-2012/VOCdevkit/VOC2012/ImageSets/Main/trainval.txt','r',encoding='utf-8')
   │                                                                                                                   ^

error: the character `'` is not valid in code
   ┌─ \\?\C:\Users\fallingstar\GeRui\rainoffallingstar.github.io\content\Blog\2022-09-03-打包属于自己数据的PASCAL-VOC-2012目标检测数据集\index.typ:80:110
   │
80 │ filename = open(r'D:/迅雷下载/VOCtrainval_11-May-2012/VOCdevkit/VOC2012/ImageSets/Main/trainval.txt','r',encoding='utf-8')
   │                                                                                                                   ^

error: the character `'` is not valid in code
   ┌─ \\?\C:\Users\fallingstar\GeRui\rainoffallingstar.github.io\content\Blog\2022-09-03-打包属于自己数据的PASCAL-VOC-2012目标检测数据集\index.typ:80:116
   │
80 │ filename = open(r'D:/迅雷下载/VOCtrainval_11-May-2012/VOCdevkit/VOC2012/ImageSets/Main/trainval.txt','r',encoding='utf-8')
   │                                                                                                                         ^

error: expected comma
   ┌─ \\?\C:\Users\fallingstar\GeRui\rainoffallingstar.github.io\content\Blog\2022-09-03-打包属于自己数据的PASCAL-VOC-2012目标检测数据集\index.typ:80:118
   │
80 │ filename = open(r'D:/迅雷下载/VOCtrainval_11-May-2012/VOCdevkit/VOC2012/ImageSets/Main/trainval.txt','r',encoding='utf-8')
   │                                                                                                                           ^

error: the character `'` is not valid in code
   ┌─ \\?\C:\Users\fallingstar\GeRui\rainoffallingstar.github.io\content\Blog\2022-09-03-打包属于自己数据的PASCAL-VOC-2012目标检测数据集\index.typ:81:18
   │
81 │ out_train = open(r'D:/迅雷下载/VOCtrainval_11-May-2012/VOCdevkit/VOC2012/ImageSets/Main/train.txt', 'w',encoding='utf-8')
   │                   ^

error: expected expression
   ┌─ \\?\C:\Users\fallingstar\GeRui\rainoffallingstar.github.io\content\Blog\2022-09-03-打包属于自己数据的PASCAL-VOC-2012目标检测数据集\index.typ:81:21
   │
81 │ out_train = open(r'D:/迅雷下载/VOCtrainval_11-May-2012/VOCdevkit/VOC2012/ImageSets/Main/train.txt', 'w',encoding='utf-8')
   │                      ^

error: the character `'` is not valid in code
   ┌─ \\?\C:\Users\fallingstar\GeRui\rainoffallingstar.github.io\content\Blog\2022-09-03-打包属于自己数据的PASCAL-VOC-2012目标检测数据集\index.typ:81:93
   │
81 │ out_train = open(r'D:/迅雷下载/VOCtrainval_11-May-2012/VOCdevkit/VOC2012/ImageSets/Main/train.txt', 'w',encoding='utf-8')
   │                                                                                                  ^

error: unexpected comma
   ┌─ \\?\C:\Users\fallingstar\GeRui\rainoffallingstar.github.io\content\Blog\2022-09-03-打包属于自己数据的PASCAL-VOC-2012目标检测数据集\index.typ:81:94
   │
81 │ out_train = open(r'D:/迅雷下载/VOCtrainval_11-May-2012/VOCdevkit/VOC2012/ImageSets/Main/train.txt', 'w',encoding='utf-8')
   │                                                                                                   ^

error: the character `'` is not valid in code
   ┌─ \\?\C:\Users\fallingstar\GeRui\rainoffallingstar.github.io\content\Blog\2022-09-03-打包属于自己数据的PASCAL-VOC-2012目标检测数据集\index.typ:81:96
   │
81 │ out_train = open(r'D:/迅雷下载/VOCtrainval_11-May-2012/VOCdevkit/VOC2012/ImageSets/Main/train.txt', 'w',encoding='utf-8')
   │                                                                                                     ^

error: the character `'` is not valid in code
   ┌─ \\?\C:\Users\fallingstar\GeRui\rainoffallingstar.github.io\content\Blog\2022-09-03-打包属于自己数据的PASCAL-VOC-2012目标检测数据集\index.typ:81:98
   │
81 │ out_train = open(r'D:/迅雷下载/VOCtrainval_11-May-2012/VOCdevkit/VOC2012/ImageSets/Main/train.txt', 'w',encoding='utf-8')
   │                                                                                                       ^

error: unexpected comma
   ┌─ \\?\C:\Users\fallingstar\GeRui\rainoffallingstar.github.io\content\Blog\2022-09-03-打包属于自己数据的PASCAL-VOC-2012目标检测数据集\index.typ:81:99
   │
81 │ out_train = open(r'D:/迅雷下载/VOCtrainval_11-May-2012/VOCdevkit/VOC2012/ImageSets/Main/train.txt', 'w',encoding='utf-8')
   │                                                                                                        ^

error: expected expression
   ┌─ \\?\C:\Users\fallingstar\GeRui\rainoffallingstar.github.io\content\Blog\2022-09-03-打包属于自己数据的PASCAL-VOC-2012目标检测数据集\index.typ:81:109
   │
81 │ out_train = open(r'D:/迅雷下载/VOCtrainval_11-May-2012/VOCdevkit/VOC2012/ImageSets/Main/train.txt', 'w',encoding='utf-8')
   │                                                                                                                  ^

error: the character `'` is not valid in code
   ┌─ \\?\C:\Users\fallingstar\GeRui\rainoffallingstar.github.io\content\Blog\2022-09-03-打包属于自己数据的PASCAL-VOC-2012目标检测数据集\index.typ:81:109
   │
81 │ out_train = open(r'D:/迅雷下载/VOCtrainval_11-May-2012/VOCdevkit/VOC2012/ImageSets/Main/train.txt', 'w',encoding='utf-8')
   │                                                                                                                  ^

error: the character `'` is not valid in code
   ┌─ \\?\C:\Users\fallingstar\GeRui\rainoffallingstar.github.io\content\Blog\2022-09-03-打包属于自己数据的PASCAL-VOC-2012目标检测数据集\index.typ:81:115
   │
81 │ out_train = open(r'D:/迅雷下载/VOCtrainval_11-May-2012/VOCdevkit/VOC2012/ImageSets/Main/train.txt', 'w',encoding='utf-8')
   │                                                                                                                        ^

error: expected comma
   ┌─ \\?\C:\Users\fallingstar\GeRui\rainoffallingstar.github.io\content\Blog\2022-09-03-打包属于自己数据的PASCAL-VOC-2012目标检测数据集\index.typ:81:117
   │
81 │ out_train = open(r'D:/迅雷下载/VOCtrainval_11-May-2012/VOCdevkit/VOC2012/ImageSets/Main/train.txt', 'w',encoding='utf-8')
   │                                                                                                                          ^

error: the character `'` is not valid in code
   ┌─ \\?\C:\Users\fallingstar\GeRui\rainoffallingstar.github.io\content\Blog\2022-09-03-打包属于自己数据的PASCAL-VOC-2012目标检测数据集\index.typ:82:17
   │
82 │ out_test = open(r'D:/迅雷下载/VOCtrainval_11-May-2012/VOCdevkit/VOC2012/ImageSets/Main/val.txt', 'w',encoding='utf-8')
   │                  ^

error: expected expression
   ┌─ \\?\C:\Users\fallingstar\GeRui\rainoffallingstar.github.io\content\Blog\2022-09-03-打包属于自己数据的PASCAL-VOC-2012目标检测数据集\index.typ:82:20
   │
82 │ out_test = open(r'D:/迅雷下载/VOCtrainval_11-May-2012/VOCdevkit/VOC2012/ImageSets/Main/val.txt', 'w',encoding='utf-8')
   │                     ^

error: the character `'` is not valid in code
   ┌─ \\?\C:\Users\fallingstar\GeRui\rainoffallingstar.github.io\content\Blog\2022-09-03-打包属于自己数据的PASCAL-VOC-2012目标检测数据集\index.typ:82:90
   │
82 │ out_test = open(r'D:/迅雷下载/VOCtrainval_11-May-2012/VOCdevkit/VOC2012/ImageSets/Main/val.txt', 'w',encoding='utf-8')
   │                                                                                               ^

error: unexpected comma
   ┌─ \\?\C:\Users\fallingstar\GeRui\rainoffallingstar.github.io\content\Blog\2022-09-03-打包属于自己数据的PASCAL-VOC-2012目标检测数据集\index.typ:82:91
   │
82 │ out_test = open(r'D:/迅雷下载/VOCtrainval_11-May-2012/VOCdevkit/VOC2012/ImageSets/Main/val.txt', 'w',encoding='utf-8')
   │                                                                                                ^

error: the character `'` is not valid in code
   ┌─ \\?\C:\Users\fallingstar\GeRui\rainoffallingstar.github.io\content\Blog\2022-09-03-打包属于自己数据的PASCAL-VOC-2012目标检测数据集\index.typ:82:93
   │
82 │ out_test = open(r'D:/迅雷下载/VOCtrainval_11-May-2012/VOCdevkit/VOC2012/ImageSets/Main/val.txt', 'w',encoding='utf-8')
   │                                                                                                  ^

error: the character `'` is not valid in code
   ┌─ \\?\C:\Users\fallingstar\GeRui\rainoffallingstar.github.io\content\Blog\2022-09-03-打包属于自己数据的PASCAL-VOC-2012目标检测数据集\index.typ:82:95
   │
82 │ out_test = open(r'D:/迅雷下载/VOCtrainval_11-May-2012/VOCdevkit/VOC2012/ImageSets/Main/val.txt', 'w',encoding='utf-8')
   │                                                                                                    ^

error: unexpected comma
   ┌─ \\?\C:\Users\fallingstar\GeRui\rainoffallingstar.github.io\content\Blog\2022-09-03-打包属于自己数据的PASCAL-VOC-2012目标检测数据集\index.typ:82:96
   │
82 │ out_test = open(r'D:/迅雷下载/VOCtrainval_11-May-2012/VOCdevkit/VOC2012/ImageSets/Main/val.txt', 'w',encoding='utf-8')
   │                                                                                                     ^

error: expected expression
   ┌─ \\?\C:\Users\fallingstar\GeRui\rainoffallingstar.github.io\content\Blog\2022-09-03-打包属于自己数据的PASCAL-VOC-2012目标检测数据集\index.typ:82:106
   │
82 │ out_test = open(r'D:/迅雷下载/VOCtrainval_11-May-2012/VOCdevkit/VOC2012/ImageSets/Main/val.txt', 'w',encoding='utf-8')
   │                                                                                                               ^

error: the character `'` is not valid in code
   ┌─ \\?\C:\Users\fallingstar\GeRui\rainoffallingstar.github.io\content\Blog\2022-09-03-打包属于自己数据的PASCAL-VOC-2012目标检测数据集\index.typ:82:106
   │
82 │ out_test = open(r'D:/迅雷下载/VOCtrainval_11-May-2012/VOCdevkit/VOC2012/ImageSets/Main/val.txt', 'w',encoding='utf-8')
   │                                                                                                               ^

error: the character `'` is not valid in code
   ┌─ \\?\C:\Users\fallingstar\GeRui\rainoffallingstar.github.io\content\Blog\2022-09-03-打包属于自己数据的PASCAL-VOC-2012目标检测数据集\index.typ:82:112
   │
82 │ out_test = open(r'D:/迅雷下载/VOCtrainval_11-May-2012/VOCdevkit/VOC2012/ImageSets/Main/val.txt', 'w',encoding='utf-8')
   │                                                                                                                     ^

error: expected comma
   ┌─ \\?\C:\Users\fallingstar\GeRui\rainoffallingstar.github.io\content\Blog\2022-09-03-打包属于自己数据的PASCAL-VOC-2012目标检测数据集\index.typ:82:114
   │
82 │ out_test = open(r'D:/迅雷下载/VOCtrainval_11-May-2012/VOCdevkit/VOC2012/ImageSets/Main/val.txt', 'w',encoding='utf-8')
   │                                                                                                                       ^

error: expected identifier, found for-loop expression
   ┌─ \\?\C:\Users\fallingstar\GeRui\rainoffallingstar.github.io\content\Blog\2022-09-03-打包属于自己数据的PASCAL-VOC-2012目标检测数据集\index.typ:83:0
   │
83 │ for line in filename:
   │ ^^^^^^^^^^^^^^^^^^^^

error: expected expression
   ┌─ \\?\C:\Users\fallingstar\GeRui\rainoffallingstar.github.io\content\Blog\2022-09-03-打包属于自己数据的PASCAL-VOC-2012目标检测数据集\index.typ:83:21
   │
83 │ for line in filename:
   │                      ^

error: the character `#` is not valid in code
   ┌─ \\?\C:\Users\fallingstar\GeRui\rainoffallingstar.github.io\content\Blog\2022-09-03-打包属于自己数据的PASCAL-VOC-2012目标检测数据集\index.typ:84:4
   │
84 │     #    items = line.strip().split()
   │     ^

error: expected comma
   ┌─ \\?\C:\Users\fallingstar\GeRui\rainoffallingstar.github.io\content\Blog\2022-09-03-打包属于自己数据的PASCAL-VOC-2012目标检测数据集\index.typ:84:37
   │
84 │     #    items = line.strip().split()
   │                                      ^

error: expected comma
   ┌─ \\?\C:\Users\fallingstar\GeRui\rainoffallingstar.github.io\content\Blog\2022-09-03-打包属于自己数据的PASCAL-VOC-2012目标检测数据集\index.typ:85:18
   │
85 │     c.append(line)
   │                   ^

error: expected comma
   ┌─ \\?\C:\Users\fallingstar\GeRui\rainoffallingstar.github.io\content\Blog\2022-09-03-打包属于自己数据的PASCAL-VOC-2012目标检测数据集\index.typ:87:68
   │
87 │ c_train, c_test = model_selection.train_test_split(c, test_size=0.2)
   │                                                                     ^

error: expected identifier, found for-loop expression
   ┌─ \\?\C:\Users\fallingstar\GeRui\rainoffallingstar.github.io\content\Blog\2022-09-03-打包属于自己数据的PASCAL-VOC-2012目标检测数据集\index.typ:88:0
   │
88 │ for i in c_train:
   │ ^^^^^^^^^^^^^^^^

error: expected comma
   ┌─ \\?\C:\Users\fallingstar\GeRui\rainoffallingstar.github.io\content\Blog\2022-09-03-打包属于自己数据的PASCAL-VOC-2012目标检测数据集\index.typ:89:22
   │
89 │     out_train.write(i)
   │                       ^

error: expected identifier, found for-loop expression
   ┌─ \\?\C:\Users\fallingstar\GeRui\rainoffallingstar.github.io\content\Blog\2022-09-03-打包属于自己数据的PASCAL-VOC-2012目标检测数据集\index.typ:90:0
   │
90 │ for i in c_test:
   │ ^^^^^^^^^^^^^^^
  [ERROR] content\Blog\2022-09-03-打包属于自己数据的PASCAL-VOC-2012目标检测数据集\index.typ 编译失败
[OK] HTML 构建完成。跳过: 81, 失败: 18
正在构建 PDF 文件...
[OK] PDF 构建完成。跳过: 2

------------------------------------------------------------
[WARNING] 构建完成，但有部分任务失败。
------------------------------------------------------------
