------------------------------------------------------------
[INFO] Starting incremental build...
------------------------------------------------------------

正在构建 HTML 文件...
  [ERROR] Typst error: warning: html export is under active development and incomplete
 = hint: its behaviour may change at any time
 = hint: do not rely on this feature for production use cases
 = hint: see https://github.com/typst/typst/issues/5512 for more information

error: expected expression
   ┌─ \\?\C:\Users\fallingstar\GeRui\rainoffallingstar.github.io\content\Blog\2021-05-20-临床问诊指北\index.typ:17:18
   │
17 │ - 先来了解一下你的一般情况吧  # 一般情况包括姓名、年龄、性别、民族、地址、籍贯、工作及单位等
   │                                ^

error: expected expression
   ┌─ \\?\C:\Users\fallingstar\GeRui\rainoffallingstar.github.io\content\Blog\2021-05-20-临床问诊指北\index.typ:31:17
   │
31 │     - 你最开始是哪里难受？# 时间、不同部位及进展需要重复问
   │                            ^

error: expected expression
   ┌─ \\?\C:\Users\fallingstar\GeRui\rainoffallingstar.github.io\content\Blog\2021-05-20-临床问诊指北\index.typ:67:26
   │
67 │ - 平时有没有一些慢性病？高血压？糖尿病？肾病？ # 待患者回答一个问题后继续下一个问题，请勿一次连续问完。
   │                                                 ^
  [ERROR] content\Blog\2021-05-20-临床问诊指北\index.typ 编译失败
  [ERROR] Typst error: warning: html export is under active development and incomplete
 = hint: its behaviour may change at any time
 = hint: do not rely on this feature for production use cases
 = hint: see https://github.com/typst/typst/issues/5512 for more information

error: unexpected closing bracket
   ┌─ \\?\C:\Users\fallingstar\GeRui\rainoffallingstar.github.io\content\Blog\2021-08-24-肾肿瘤论文检索与阅读\index.typ:16:83
   │
16 │ 1. [i]Histological subtypes of renal cell carcinoma : Overview and new developments] https://dx.doi.org/10.1007/s00292-021-00937-6
   │                                                                                    ^
   │
   = hint: try using a backslash escape: \]
  [ERROR] content\Blog\2021-08-24-肾肿瘤论文检索与阅读\index.typ 编译失败
  [ERROR] Typst error: warning: html export is under active development and incomplete
 = hint: its behaviour may change at any time
 = hint: do not rely on this feature for production use cases
 = hint: see https://github.com/typst/typst/issues/5512 for more information

error: expected expression
  ┌─ \\?\C:\Users\fallingstar\GeRui\rainoffallingstar.github.io\content\Blog\2021-11-22-Automated Classification of Papillary Renal Cell Carcinoma and Chromophobe Renal Cell Carcinoma Based on a Small Computed Tomography Imaging Dataset Using Deep Learning\index.typ:9:1
  │
9 │ # Automated Classification of Papillary Renal Cell Carcinoma and Chromophobe Renal Cell Carcinoma Based on a Small Computed Tomography Imaging Dataset Using Deep Learning
  │  ^
  [ERROR] content\Blog\2021-11-22-Automated Classification of Papillary Renal Cell Carcinoma and Chromophobe Renal Cell Carcinoma Based on a Small Computed Tomography Imaging Dataset Using Deep Learning\index.typ 编译失败
  [ERROR] 执行 typst 命令时出错: 'gbk' codec can't encode character '\xa5' in position 515: illegal multibyte sequence
  [ERROR] content\Blog\2021-11-30-japan prince\index.typ 编译失败
  [ERROR] Typst error: warning: html export is under active development and incomplete
 = hint: its behaviour may change at any time
 = hint: do not rely on this feature for production use cases
 = hint: see https://github.com/typst/typst/issues/5512 for more information

error: unknown variable: year
   ┌─ \\?\C:\Users\fallingstar\GeRui\rainoffallingstar.github.io\content\Blog\2021-12-01-The collection\index.typ:84:238
   │
84 │ John Donahue at Harvard’s Kennedy School points out that the norms of culture in Western civil services suit those who want to stay put but is bad for high achievers. The only American public-sector workers who earn well above $250,000 a year are university sports coaches and the president of the United States. Bankers’ fat pay packets have attracted much criticism, but a public-sector system that does not reward high achievers may be a much bigger problem for America.
   │                                                                                                                                                                                                                                               ^^^^
   │
   = hint: if you meant to display multiple letters as is, try adding spaces between each letter: `y e a r`
   = hint: or if you meant to display this as text, try placing it in quotes: `"year"`
  [ERROR] content\Blog\2021-12-01-The collection\index.typ 编译失败
  [ERROR] Typst error: warning: html export is under active development and incomplete
 = hint: its behaviour may change at any time
 = hint: do not rely on this feature for production use cases
 = hint: see https://github.com/typst/typst/issues/5512 for more information

error: unexpected closing bracket
   ┌─ \\?\C:\Users\fallingstar\GeRui\rainoffallingstar.github.io\content\Blog\2021-12-05-thelastlibrary\index.typ:69:82
   │
69 │ He nodded gravely, lines of grief creasing his face like cuneiform in clay「泥土里的楔形？]. “It doesn’t get better, I’m afraid. I worked a library 600 years from now, in Berlin of ’33. The Nazi bonfires were on every street corner.”
   │                                                                                           ^
   │
   = hint: try using a backslash escape: \]
  [ERROR] content\Blog\2021-12-05-thelastlibrary\index.typ 编译失败
  [ERROR] Typst error: warning: html export is under active development and incomplete
 = hint: its behaviour may change at any time
 = hint: do not rely on this feature for production use cases
 = hint: see https://github.com/typst/typst/issues/5512 for more information

error: unclosed delimiter
   ┌─ \\?\C:\Users\fallingstar\GeRui\rainoffallingstar.github.io\content\Blog\2021-12-05-利用casaos将deepin打造为一个简易的nas系统\index.typ:36:13
   │
36 │    #block.raw("
   │              ^

error: the character `\` is not valid in code
   ┌─ \\?\C:\Users\fallingstar\GeRui\rainoffallingstar.github.io\content\Blog\2021-12-05-利用casaos将deepin打造为一个简易的nas系统\index.typ:40:0
   │
40 │ \> Notice：此脚本中安装包是在github中下载，建议根据#link("https://get.icewhale.io/casaos.sh")[链接]下载casaos.sh后修改其第343行处链接为github镜像链接加速。我手动修改过的脚本#link("https://gitee.com/rainoffallingstar/rapid-configs-for-my-manjaro/blob/master/casaos.sh")[下载]
   │ ^

error: unexpected greater-than operator
   ┌─ \\?\C:\Users\fallingstar\GeRui\rainoffallingstar.github.io\content\Blog\2021-12-05-利用casaos将deepin打造为一个简易的nas系统\index.typ:40:1
   │
40 │ \> Notice：此脚本中安装包是在github中下载，建议根据#link("https://get.icewhale.io/casaos.sh")[链接]下载casaos.sh后修改其第343行处链接为github镜像链接加速。我手动修改过的脚本#link("https://gitee.com/rainoffallingstar/rapid-configs-for-my-manjaro/blob/master/casaos.sh")[下载]
   │  ^

error: the character `：` is not valid in code
   ┌─ \\?\C:\Users\fallingstar\GeRui\rainoffallingstar.github.io\content\Blog\2021-12-05-利用casaos将deepin打造为一个简易的nas系统\index.typ:40:9
   │
40 │ \> Notice：此脚本中安装包是在github中下载，建议根据#link("https://get.icewhale.io/casaos.sh")[链接]下载casaos.sh后修改其第343行处链接为github镜像链接加速。我手动修改过的脚本#link("https://gitee.com/rainoffallingstar/rapid-configs-for-my-manjaro/blob/master/casaos.sh")[下载]
   │          ^^

error: the character `，` is not valid in code
   ┌─ \\?\C:\Users\fallingstar\GeRui\rainoffallingstar.github.io\content\Blog\2021-12-05-利用casaos将deepin打造为一个简易的nas系统\index.typ:40:28
   │
40 │ \> Notice：此脚本中安装包是在github中下载，建议根据#link("https://get.icewhale.io/casaos.sh")[链接]下载casaos.sh后修改其第343行处链接为github镜像链接加速。我手动修改过的脚本#link("https://gitee.com/rainoffallingstar/rapid-configs-for-my-manjaro/blob/master/casaos.sh")[下载]
   │                                          ^^

error: the character `#` is not valid in code
   ┌─ \\?\C:\Users\fallingstar\GeRui\rainoffallingstar.github.io\content\Blog\2021-12-05-利用casaos将deepin打造为一个简易的nas系统\index.typ:40:33
   │
40 │ \> Notice：此脚本中安装包是在github中下载，建议根据#link("https://get.icewhale.io/casaos.sh")[链接]下载casaos.sh后修改其第343行处链接为github镜像链接加速。我手动修改过的脚本#link("https://gitee.com/rainoffallingstar/rapid-configs-for-my-manjaro/blob/master/casaos.sh")[下载]
   │                                                    ^

error: expected comma
   ┌─ \\?\C:\Users\fallingstar\GeRui\rainoffallingstar.github.io\content\Blog\2021-12-05-利用casaos将deepin打造为一个简易的nas系统\index.typ:40:79
   │
40 │ \> Notice：此脚本中安装包是在github中下载，建议根据#link("https://get.icewhale.io/casaos.sh")[链接]下载casaos.sh后修改其第343行处链接为github镜像链接加速。我手动修改过的脚本#link("https://gitee.com/rainoffallingstar/rapid-configs-for-my-manjaro/blob/master/casaos.sh")[下载]
   │                                                                                                    ^^

error: the character `。` is not valid in code
   ┌─ \\?\C:\Users\fallingstar\GeRui\rainoffallingstar.github.io\content\Blog\2021-12-05-利用casaos将deepin打造为一个简易的nas系统\index.typ:40:115
   │
40 │ \> Notice：此脚本中安装包是在github中下载，建议根据#link("https://get.icewhale.io/casaos.sh")[链接]下载casaos.sh后修改其第343行处链接为github镜像链接加速。我手动修改过的脚本#link("https://gitee.com/rainoffallingstar/rapid-configs-for-my-manjaro/blob/master/casaos.sh")[下载]
   │                                                                                                                                                          ^^

error: the character `#` is not valid in code
   ┌─ \\?\C:\Users\fallingstar\GeRui\rainoffallingstar.github.io\content\Blog\2021-12-05-利用casaos将deepin打造为一个简易的nas系统\index.typ:40:125
   │
40 │ \> Notice：此脚本中安装包是在github中下载，建议根据#link("https://get.icewhale.io/casaos.sh")[链接]下载casaos.sh后修改其第343行处链接为github镜像链接加速。我手动修改过的脚本#link("https://gitee.com/rainoffallingstar/rapid-configs-for-my-manjaro/blob/master/casaos.sh")[下载]
   │                                                                                                                                                                              ^

error: expected comma
   ┌─ \\?\C:\Users\fallingstar\GeRui\rainoffallingstar.github.io\content\Blog\2021-12-05-利用casaos将deepin打造为一个简易的nas系统\index.typ:40:224
   │
40 │ \> Notice：此脚本中安装包是在github中下载，建议根据#link("https://get.icewhale.io/casaos.sh")[链接]下载casaos.sh后修改其第343行处链接为github镜像链接加速。我手动修改过的脚本#link("https://gitee.com/rainoffallingstar/rapid-configs-for-my-manjaro/blob/master/casaos.sh")[下载]
   │                                                                                                                                                                                                                                                                                   ^

error: expected comma
   ┌─ \\?\C:\Users\fallingstar\GeRui\rainoffallingstar.github.io\content\Blog\2021-12-05-利用casaos将deepin打造为一个简易的nas系统\index.typ:42:2
   │
42 │ 3. 安装中可能会提示依赖问题（20.3中未提示有依赖问题），安装成功后即可在终端得到地址链接。一般为本机hostip号。
   │   ^

error: the character `（` is not valid in code
   ┌─ \\?\C:\Users\fallingstar\GeRui\rainoffallingstar.github.io\content\Blog\2021-12-05-利用casaos将deepin打造为一个简易的nas系统\index.typ:42:15
   │
42 │ 3. 安装中可能会提示依赖问题（20.3中未提示有依赖问题），安装成功后即可在终端得到地址链接。一般为本机hostip号。
   │                            ^^

error: expected comma
   ┌─ \\?\C:\Users\fallingstar\GeRui\rainoffallingstar.github.io\content\Blog\2021-12-05-利用casaos将deepin打造为一个简易的nas系统\index.typ:42:20
   │
42 │ 3. 安装中可能会提示依赖问题（20.3中未提示有依赖问题），安装成功后即可在终端得到地址链接。一般为本机hostip号。
   │                                  ^^

error: the character `）` is not valid in code
   ┌─ \\?\C:\Users\fallingstar\GeRui\rainoffallingstar.github.io\content\Blog\2021-12-05-利用casaos将deepin打造为一个简易的nas系统\index.typ:42:29
   │
42 │ 3. 安装中可能会提示依赖问题（20.3中未提示有依赖问题），安装成功后即可在终端得到地址链接。一般为本机hostip号。
   │                                                    ^^

error: the character `，` is not valid in code
   ┌─ \\?\C:\Users\fallingstar\GeRui\rainoffallingstar.github.io\content\Blog\2021-12-05-利用casaos将deepin打造为一个简易的nas系统\index.typ:42:30
   │
42 │ 3. 安装中可能会提示依赖问题（20.3中未提示有依赖问题），安装成功后即可在终端得到地址链接。一般为本机hostip号。
   │                                                      ^^

error: the character `。` is not valid in code
   ┌─ \\?\C:\Users\fallingstar\GeRui\rainoffallingstar.github.io\content\Blog\2021-12-05-利用casaos将deepin打造为一个简易的nas系统\index.typ:42:47
   │
42 │ 3. 安装中可能会提示依赖问题（20.3中未提示有依赖问题），安装成功后即可在终端得到地址链接。一般为本机hostip号。
   │                                                                                        ^^

error: the character `。` is not valid in code
   ┌─ \\?\C:\Users\fallingstar\GeRui\rainoffallingstar.github.io\content\Blog\2021-12-05-利用casaos将deepin打造为一个简易的nas系统\index.typ:42:60
   │
42 │ 3. 安装中可能会提示依赖问题（20.3中未提示有依赖问题），安装成功后即可在终端得到地址链接。一般为本机hostip号。
   │                                                                                                            ^^

error: expected comma
   ┌─ \\?\C:\Users\fallingstar\GeRui\rainoffallingstar.github.io\content\Blog\2021-12-05-利用casaos将deepin打造为一个简易的nas系统\index.typ:44:2
   │
44 │ 4. 在浏览器中访问上述地址，即可进入casaos，此时可根据需要安装与配置docker应用
   │   ^

error: the character `，` is not valid in code
   ┌─ \\?\C:\Users\fallingstar\GeRui\rainoffallingstar.github.io\content\Blog\2021-12-05-利用casaos将deepin打造为一个简易的nas系统\index.typ:44:14
   │
44 │ 4. 在浏览器中访问上述地址，即可进入casaos，此时可根据需要安装与配置docker应用
   │                          ^^

error: the character `，` is not valid in code
   ┌─ \\?\C:\Users\fallingstar\GeRui\rainoffallingstar.github.io\content\Blog\2021-12-05-利用casaos将deepin打造为一个简易的nas系统\index.typ:44:25
   │
44 │ 4. 在浏览器中访问上述地址，即可进入casaos，此时可根据需要安装与配置docker应用
   │                                          ^^

error: the character `!` is not valid in code
   ┌─ \\?\C:\Users\fallingstar\GeRui\rainoffallingstar.github.io\content\Blog\2021-12-05-利用casaos将deepin打造为一个简易的nas系统\index.typ:46:3
   │
46 │    !#link("02.png")[截图_选择区域_20211205182818.png]
   │    ^

error: the character `#` is not valid in code
   ┌─ \\?\C:\Users\fallingstar\GeRui\rainoffallingstar.github.io\content\Blog\2021-12-05-利用casaos将deepin打造为一个简易的nas系统\index.typ:46:4
   │
46 │    !#link("02.png")[截图_选择区域_20211205182818.png]
   │     ^

error: the character `\` is not valid in code
   ┌─ \\?\C:\Users\fallingstar\GeRui\rainoffallingstar.github.io\content\Blog\2021-12-05-利用casaos将deepin打造为一个简易的nas系统\index.typ:48:0
   │
48 │ \> 默认支持一键安装应用如上图，不需手动配置，记住默认帐号密码即可。
   │ ^

error: unexpected greater-than operator
   ┌─ \\?\C:\Users\fallingstar\GeRui\rainoffallingstar.github.io\content\Blog\2021-12-05-利用casaos将deepin打造为一个简易的nas系统\index.typ:48:1
   │
48 │ \> 默认支持一键安装应用如上图，不需手动配置，记住默认帐号密码即可。
   │  ^

error: the character `，` is not valid in code
   ┌─ \\?\C:\Users\fallingstar\GeRui\rainoffallingstar.github.io\content\Blog\2021-12-05-利用casaos将deepin打造为一个简易的nas系统\index.typ:48:16
   │
48 │ \> 默认支持一键安装应用如上图，不需手动配置，记住默认帐号密码即可。
   │                              ^^

error: the character `，` is not valid in code
   ┌─ \\?\C:\Users\fallingstar\GeRui\rainoffallingstar.github.io\content\Blog\2021-12-05-利用casaos将deepin打造为一个简易的nas系统\index.typ:48:23
   │
48 │ \> 默认支持一键安装应用如上图，不需手动配置，记住默认帐号密码即可。
   │                                            ^^

error: the character `。` is not valid in code
   ┌─ \\?\C:\Users\fallingstar\GeRui\rainoffallingstar.github.io\content\Blog\2021-12-05-利用casaos将deepin打造为一个简易的nas系统\index.typ:48:34
   │
48 │ \> 默认支持一键安装应用如上图，不需手动配置，记住默认帐号密码即可。
   │                                                                  ^^

error: the character `!` is not valid in code
   ┌─ \\?\C:\Users\fallingstar\GeRui\rainoffallingstar.github.io\content\Blog\2021-12-05-利用casaos将deepin打造为一个简易的nas系统\index.typ:50:0
   │
50 │ !#link("03.png")[截图_选择区域_20211205182858.png]
   │ ^

error: the character `#` is not valid in code
   ┌─ \\?\C:\Users\fallingstar\GeRui\rainoffallingstar.github.io\content\Blog\2021-12-05-利用casaos将deepin打造为一个简易的nas系统\index.typ:50:1
   │
50 │ !#link("03.png")[截图_选择区域_20211205182858.png]
   │  ^

error: the character `\` is not valid in code
   ┌─ \\?\C:\Users\fallingstar\GeRui\rainoffallingstar.github.io\content\Blog\2021-12-05-利用casaos将deepin打造为一个简易的nas系统\index.typ:52:0
   │
52 │ \> 手动安装配置页面如上，填写dockerimage的名称如###/&&&即可自动生成链接，填写webui处的端口以便于在casaos界面内跳转。其他各参数可参考网络上各配置命令行设置。
   │ ^

error: unexpected greater-than operator
   ┌─ \\?\C:\Users\fallingstar\GeRui\rainoffallingstar.github.io\content\Blog\2021-12-05-利用casaos将deepin打造为一个简易的nas系统\index.typ:52:1
   │
52 │ \> 手动安装配置页面如上，填写dockerimage的名称如###/&&&即可自动生成链接，填写webui处的端口以便于在casaos界面内跳转。其他各参数可参考网络上各配置命令行设置。
   │  ^

error: the character `，` is not valid in code
   ┌─ \\?\C:\Users\fallingstar\GeRui\rainoffallingstar.github.io\content\Blog\2021-12-05-利用casaos将deepin打造为一个简易的nas系统\index.typ:52:13
   │
52 │ \> 手动安装配置页面如上，填写dockerimage的名称如###/&&&即可自动生成链接，填写webui处的端口以便于在casaos界面内跳转。其他各参数可参考网络上各配置命令行设置。
   │                        ^^

error: the character `#` is not valid in code
   ┌─ \\?\C:\Users\fallingstar\GeRui\rainoffallingstar.github.io\content\Blog\2021-12-05-利用casaos将deepin打造为一个简易的nas系统\index.typ:52:31
   │
52 │ \> 手动安装配置页面如上，填写dockerimage的名称如###/&&&即可自动生成链接，填写webui处的端口以便于在casaos界面内跳转。其他各参数可参考网络上各配置命令行设置。
   │                                                 ^

error: the character `#` is not valid in code
   ┌─ \\?\C:\Users\fallingstar\GeRui\rainoffallingstar.github.io\content\Blog\2021-12-05-利用casaos将deepin打造为一个简易的nas系统\index.typ:52:32
   │
52 │ \> 手动安装配置页面如上，填写dockerimage的名称如###/&&&即可自动生成链接，填写webui处的端口以便于在casaos界面内跳转。其他各参数可参考网络上各配置命令行设置。
   │                                                  ^

error: the character `#` is not valid in code
   ┌─ \\?\C:\Users\fallingstar\GeRui\rainoffallingstar.github.io\content\Blog\2021-12-05-利用casaos将deepin打造为一个简易的nas系统\index.typ:52:33
   │
52 │ \> 手动安装配置页面如上，填写dockerimage的名称如###/&&&即可自动生成链接，填写webui处的端口以便于在casaos界面内跳转。其他各参数可参考网络上各配置命令行设置。
   │                                                   ^

error: unexpected slash
   ┌─ \\?\C:\Users\fallingstar\GeRui\rainoffallingstar.github.io\content\Blog\2021-12-05-利用casaos将deepin打造为一个简易的nas系统\index.typ:52:34
   │
52 │ \> 手动安装配置页面如上，填写dockerimage的名称如###/&&&即可自动生成链接，填写webui处的端口以便于在casaos界面内跳转。其他各参数可参考网络上各配置命令行设置。
   │                                                    ^

error: the character `&` is not valid in code
   ┌─ \\?\C:\Users\fallingstar\GeRui\rainoffallingstar.github.io\content\Blog\2021-12-05-利用casaos将deepin打造为一个简易的nas系统\index.typ:52:35
   │
52 │ \> 手动安装配置页面如上，填写dockerimage的名称如###/&&&即可自动生成链接，填写webui处的端口以便于在casaos界面内跳转。其他各参数可参考网络上各配置命令行设置。
   │                                                     ^

error: the character `&` is not valid in code
   ┌─ \\?\C:\Users\fallingstar\GeRui\rainoffallingstar.github.io\content\Blog\2021-12-05-利用casaos将deepin打造为一个简易的nas系统\index.typ:52:36
   │
52 │ \> 手动安装配置页面如上，填写dockerimage的名称如###/&&&即可自动生成链接，填写webui处的端口以便于在casaos界面内跳转。其他各参数可参考网络上各配置命令行设置。
   │                                                      ^

error: the character `&` is not valid in code
   ┌─ \\?\C:\Users\fallingstar\GeRui\rainoffallingstar.github.io\content\Blog\2021-12-05-利用casaos将deepin打造为一个简易的nas系统\index.typ:52:37
   │
52 │ \> 手动安装配置页面如上，填写dockerimage的名称如###/&&&即可自动生成链接，填写webui处的端口以便于在casaos界面内跳转。其他各参数可参考网络上各配置命令行设置。
   │                                                       ^

error: the character `，` is not valid in code
   ┌─ \\?\C:\Users\fallingstar\GeRui\rainoffallingstar.github.io\content\Blog\2021-12-05-利用casaos将deepin打造为一个简易的nas系统\index.typ:52:46
   │
52 │ \> 手动安装配置页面如上，填写dockerimage的名称如###/&&&即可自动生成链接，填写webui处的端口以便于在casaos界面内跳转。其他各参数可参考网络上各配置命令行设置。
   │                                                                        ^^

error: the character `。` is not valid in code
   ┌─ \\?\C:\Users\fallingstar\GeRui\rainoffallingstar.github.io\content\Blog\2021-12-05-利用casaos将deepin打造为一个简易的nas系统\index.typ:52:73
   │
52 │ \> 手动安装配置页面如上，填写dockerimage的名称如###/&&&即可自动生成链接，填写webui处的端口以便于在casaos界面内跳转。其他各参数可参考网络上各配置命令行设置。
   │                                                                                                                   ^^

error: the character `。` is not valid in code
   ┌─ \\?\C:\Users\fallingstar\GeRui\rainoffallingstar.github.io\content\Blog\2021-12-05-利用casaos将deepin打造为一个简易的nas系统\index.typ:52:93
   │
52 │ \> 手动安装配置页面如上，填写dockerimage的名称如###/&&&即可自动生成链接，填写webui处的端口以便于在casaos界面内跳转。其他各参数可参考网络上各配置命令行设置。
   │                                                                                                                                                           ^^
  [ERROR] content\Blog\2021-12-05-利用casaos将deepin打造为一个简易的nas系统\index.typ 编译失败
  [ERROR] Typst error: warning: html export is under active development and incomplete
 = hint: its behaviour may change at any time
 = hint: do not rely on this feature for production use cases
 = hint: see https://github.com/typst/typst/issues/5512 for more information

error: unclosed delimiter
    ┌─ \\?\C:\Users\fallingstar\GeRui\rainoffallingstar.github.io\content\Blog\2021-12-05-英语语料库\index.typ:192:87
    │
192 │ 62. Morgan Stanley, a bank, reckons「计算、数」 that annual sales of hydrogen could be worth $600bn by 2050.
    │                                                                                              ^
  [ERROR] content\Blog\2021-12-05-英语语料库\index.typ 编译失败
  [ERROR] Typst error: warning: html export is under active development and incomplete
 = hint: its behaviour may change at any time
 = hint: do not rely on this feature for production use cases
 = hint: see https://github.com/typst/typst/issues/5512 for more information

error: expected expression
   ┌─ \\?\C:\Users\fallingstar\GeRui\rainoffallingstar.github.io\content\Blog\2022-01-08-mskcc分子分型实验步骤翻译（部分）\index.typ:17:44
   │
17 │ 4. TruSeq RNA Access technology (Illumina) # 生成全转录组数据
   │                                             ^
  [ERROR] content\Blog\2022-01-08-mskcc分子分型实验步骤翻译（部分）\index.typ 编译失败
  [ERROR] Typst error: warning: html export is under active development and incomplete
 = hint: its behaviour may change at any time
 = hint: do not rely on this feature for production use cases
 = hint: see https://github.com/typst/typst/issues/5512 for more information

error: unclosed delimiter
   ┌─ \\?\C:\Users\fallingstar\GeRui\rainoffallingstar.github.io\content\Blog\2022-04-09-面试非专业问题指北\index.typ:55:455
   │
55 │    \> The person I admire most is Yuan Longping, the father of hybrid rice. He has helped China work a great wonder feeding nearly one-fifth of the world's population with less than 9 percent of the world's total land. His entire life was immersed in the paddy fields, and his feats were spread across the land. He/She committed_ his/her_ life_ to serving_ the_ nation/society/world_ through science, technology_ and_ innovation/education. His/Her sublime_ character and noble sentiment vividly portrays the spirit of scientists/educators in the new era. His/Her deeds made me grasp the importance of cherishing food/peace, and let me firm determination to serve the people and contribute to the motherland.(这几句可用于其他科学家、教育家等)
   │                                                                                                                                                                                                                                                                                                                                                                                                                                                                        ^
  [ERROR] content\Blog\2022-04-09-面试非专业问题指北\index.typ 编译失败
  [ERROR] Typst error: warning: html export is under active development and incomplete
 = hint: its behaviour may change at any time
 = hint: do not rely on this feature for production use cases
 = hint: see https://github.com/typst/typst/issues/5512 for more information

error: expected expression
  ┌─ \\?\C:\Users\fallingstar\GeRui\rainoffallingstar.github.io\content\Blog\2022-05-18-Paired Mass Distance(PMD) analysis for MS based non-targeted analysis\index.typ:7:1
  │
7 │ # Paired Mass Distance(PMD) analysis for GC/LC-MS based non-targeted analysis
  │  ^

error: unclosed raw text
    ┌─ \\?\C:\Users\fallingstar\GeRui\rainoffallingstar.github.io\content\Blog\2022-05-18-Paired Mass Distance(PMD) analysis for MS based non-targeted analysis\index.typ:583:4
    │  
583 │   `pmd`软件包可用于减少GC/LC-MS研究的冗余峰，并进行结构/反应导向分析，以筛选已知和未知的重要化合物或反应。
    │ ╭─────^
584 │ │ 
585 │ │ = 注释
586 │ │ 
    · │
592 │ │ [^6]:  DIA（data-independent acquisition，数据非依赖性采集）技术是近年来发展起来的一种新的质谱技术，属于非标记蛋白质组学方法。采用数据非依赖性扫描模式：将质谱整个全扫描范围分为若干个窗口，然后对每个窗口中的所有离子进行检测、碎裂，从而无遗漏、无差异地获得样本中所有离子的信息。从而降低样本检测的缺失值，同时提高定量准确性和重复性，实现大样本队列中高稳定，高准确的蛋白质组定量分析。 与DDA技术相比，DIA技术的优势包括：（1）采集所有的离子信息，实现更高的数据覆盖度；（2）减少采集的随机性，实现更高的检测重现性、稳定性；（3）采用碎片离子定量，定量精密度、准确性、线性范围大大提高。基于上述技术优势，DIA技术尤其适用于大规模样本的高度覆盖、稳定和可追溯地分析。
593 │ │ [^7]: \DDA为数据依赖性采集方式\，选择一级质谱中特定数量的肽段分子（如信号强度最强的前10个离子）进行高能碰撞碎裂，产生的碎片离子送入二级质谱检测。
    │ ╰─────────────────────────────────────────────────────────────────────────────────────────────────────────────────────────────────────────────────^
  [ERROR] content\Blog\2022-05-18-Paired Mass Distance(PMD) analysis for MS based non-targeted analysis\index.typ 编译失败
  [ERROR] Typst error: warning: html export is under active development and incomplete
 = hint: its behaviour may change at any time
 = hint: do not rely on this feature for production use cases
 = hint: see https://github.com/typst/typst/issues/5512 for more information

error: unclosed delimiter
   ┌─ \\?\C:\Users\fallingstar\GeRui\rainoffallingstar.github.io\content\Blog\2022-06-18-在DL领域中乳腺超声数据的处理探究\index.typ:44:10
   │
44 │ #block.raw("{r models,warning=FALSE}
   │           ^

error: the character `#` is not valid in code
   ┌─ \\?\C:\Users\fallingstar\GeRui\rainoffallingstar.github.io\content\Blog\2022-06-18-在DL领域中乳腺超声数据的处理探究\index.typ:47:0
   │
47 │ #block.raw("{r models,warning=FALSE}
   │ ^

error: unclosed delimiter
   ┌─ \\?\C:\Users\fallingstar\GeRui\rainoffallingstar.github.io\content\Blog\2022-06-18-在DL领域中乳腺超声数据的处理探究\index.typ:47:10
   │
47 │ #block.raw("{r models,warning=FALSE}
   │           ^

error: expected comma
   ┌─ \\?\C:\Users\fallingstar\GeRui\rainoffallingstar.github.io\content\Blog\2022-06-18-在DL领域中乳腺超声数据的处理探究\index.typ:48:8
   │
48 │ Model: "sequential_1"
   │         ^

error: expected comma
   ┌─ \\?\C:\Users\fallingstar\GeRui\rainoffallingstar.github.io\content\Blog\2022-06-18-在DL领域中乳腺超声数据的处理探究\index.typ:48:20
   │
48 │ Model: "sequential_1"
   │                     ^

error: expected comma
   ┌─ \\?\C:\Users\fallingstar\GeRui\rainoffallingstar.github.io\content\Blog\2022-06-18-在DL领域中乳腺超声数据的处理探究\index.typ:60:12
   │
60 │ #block.raw("
   │             ^

error: the character `#` is not valid in code
   ┌─ \\?\C:\Users\fallingstar\GeRui\rainoffallingstar.github.io\content\Blog\2022-06-18-在DL领域中乳腺超声数据的处理探究\index.typ:63:0
   │
63 │ #block.raw("{r trainhistory,echo=FALSE,warning=FALSE}
   │ ^

error: unclosed delimiter
   ┌─ \\?\C:\Users\fallingstar\GeRui\rainoffallingstar.github.io\content\Blog\2022-06-18-在DL领域中乳腺超声数据的处理探究\index.typ:63:10
   │
63 │ #block.raw("{r trainhistory,echo=FALSE,warning=FALSE}
   │           ^

error: the character `#` is not valid in code
   ┌─ \\?\C:\Users\fallingstar\GeRui\rainoffallingstar.github.io\content\Blog\2022-06-18-在DL领域中乳腺超声数据的处理探究\index.typ:67:0
   │
67 │ #block.raw("
   │ ^

error: unclosed delimiter
   ┌─ \\?\C:\Users\fallingstar\GeRui\rainoffallingstar.github.io\content\Blog\2022-06-18-在DL领域中乳腺超声数据的处理探究\index.typ:67:10
   │
67 │ #block.raw("
   │           ^

error: the character `#` is not valid in code
    ┌─ \\?\C:\Users\fallingstar\GeRui\rainoffallingstar.github.io\content\Blog\2022-06-18-在DL领域中乳腺超声数据的处理探究\index.typ:111:0
    │
111 │ #image("imgs/https://gitee.com/rainoffallingstar/rainoffallingstar/raw/mydraft/_imgbed/202206181602697.png")
    │ ^

error: expected comma
    ┌─ \\?\C:\Users\fallingstar\GeRui\rainoffallingstar.github.io\content\Blog\2022-06-18-在DL领域中乳腺超声数据的处理探究\index.typ:111:108
    │
111 │ #image("imgs/https://gitee.com/rainoffallingstar/rainoffallingstar/raw/mydraft/_imgbed/202206181602697.png")
    │                                                                                                             ^

error: the character `。` is not valid in code
    ┌─ \\?\C:\Users\fallingstar\GeRui\rainoffallingstar.github.io\content\Blog\2022-06-18-在DL领域中乳腺超声数据的处理探究\index.typ:112:19
    │
112 │ 总体上在epoch15时模型达到过拟合。在epoch1-15间表现为收敛趋势。在验证集上准确率徘徊在80%左右，通常提示数据集原始数据不足。
    │                                ^^

error: the character `。` is not valid in code
    ┌─ \\?\C:\Users\fallingstar\GeRui\rainoffallingstar.github.io\content\Blog\2022-06-18-在DL领域中乳腺超声数据的处理探究\index.typ:112:38
    │
112 │ 总体上在epoch15时模型达到过拟合。在epoch1-15间表现为收敛趋势。在验证集上准确率徘徊在80%左右，通常提示数据集原始数据不足。
    │                                                             ^^

error: the character `%` is not valid in code
    ┌─ \\?\C:\Users\fallingstar\GeRui\rainoffallingstar.github.io\content\Blog\2022-06-18-在DL领域中乳腺超声数据的处理探究\index.typ:112:52
    │
112 │ 总体上在epoch15时模型达到过拟合。在epoch1-15间表现为收敛趋势。在验证集上准确率徘徊在80%左右，通常提示数据集原始数据不足。
    │                                                                                       ^

error: the character `，` is not valid in code
    ┌─ \\?\C:\Users\fallingstar\GeRui\rainoffallingstar.github.io\content\Blog\2022-06-18-在DL领域中乳腺超声数据的处理探究\index.typ:112:55
    │
112 │ 总体上在epoch15时模型达到过拟合。在epoch1-15间表现为收敛趋势。在验证集上准确率徘徊在80%左右，通常提示数据集原始数据不足。
    │                                                                                            ^^

error: the character `。` is not valid in code
    ┌─ \\?\C:\Users\fallingstar\GeRui\rainoffallingstar.github.io\content\Blog\2022-06-18-在DL领域中乳腺超声数据的处理探究\index.typ:112:69
    │
112 │ 总体上在epoch15时模型达到过拟合。在epoch1-15间表现为收敛趋势。在验证集上准确率徘徊在80%左右，通常提示数据集原始数据不足。
    │                                                                                                                        ^^

error: unexpected equality operator
    ┌─ \\?\C:\Users\fallingstar\GeRui\rainoffallingstar.github.io\content\Blog\2022-06-18-在DL领域中乳腺超声数据的处理探究\index.typ:114:0
    │
114 │ === 讨论
    │ ^^

error: unexpected equals sign
    ┌─ \\?\C:\Users\fallingstar\GeRui\rainoffallingstar.github.io\content\Blog\2022-06-18-在DL领域中乳腺超声数据的处理探究\index.typ:114:2
    │
114 │ === 讨论
    │   ^

error: expected expression
    ┌─ \\?\C:\Users\fallingstar\GeRui\rainoffallingstar.github.io\content\Blog\2022-06-18-在DL领域中乳腺超声数据的处理探究\index.typ:115:2
    │
115 │ ==== 乳腺超声影像的收集及常用格式
    │   ^

error: expected comma
    ┌─ \\?\C:\Users\fallingstar\GeRui\rainoffallingstar.github.io\content\Blog\2022-06-18-在DL领域中乳腺超声数据的处理探究\index.typ:115:19
    │
115 │ ==== 乳腺超声影像的收集及常用格式
    │                                  ^

error: the character `，` is not valid in code
    ┌─ \\?\C:\Users\fallingstar\GeRui\rainoffallingstar.github.io\content\Blog\2022-06-18-在DL领域中乳腺超声数据的处理探究\index.typ:117:24
    │
117 │ 医学超声检查是一种基于超声波的医学影像学诊断技术，使肌肉和内脏器官（包括其大小、结构和病理学病灶）可视化。不同组织和器官之间不同的声学特征导致的声阻抗不同，从而在超声图像中的表现不同。
    │                                                 ^^

error: the character `（` is not valid in code
    ┌─ \\?\C:\Users\fallingstar\GeRui\rainoffallingstar.github.io\content\Blog\2022-06-18-在DL领域中乳腺超声数据的处理探究\index.typ:117:33
    │
117 │ 医学超声检查是一种基于超声波的医学影像学诊断技术，使肌肉和内脏器官（包括其大小、结构和病理学病灶）可视化。不同组织和器官之间不同的声学特征导致的声阻抗不同，从而在超声图像中的表现不同。
    │                                                                   ^^

error: the character `、` is not valid in code
    ┌─ \\?\C:\Users\fallingstar\GeRui\rainoffallingstar.github.io\content\Blog\2022-06-18-在DL领域中乳腺超声数据的处理探究\index.typ:117:39
    │
117 │ 医学超声检查是一种基于超声波的医学影像学诊断技术，使肌肉和内脏器官（包括其大小、结构和病理学病灶）可视化。不同组织和器官之间不同的声学特征导致的声阻抗不同，从而在超声图像中的表现不同。
    │                                                                               ^^

error: the character `）` is not valid in code
    ┌─ \\?\C:\Users\fallingstar\GeRui\rainoffallingstar.github.io\content\Blog\2022-06-18-在DL领域中乳腺超声数据的处理探究\index.typ:117:48
    │
117 │ 医学超声检查是一种基于超声波的医学影像学诊断技术，使肌肉和内脏器官（包括其大小、结构和病理学病灶）可视化。不同组织和器官之间不同的声学特征导致的声阻抗不同，从而在超声图像中的表现不同。
    │                                                                                                 ^^

error: the character `。` is not valid in code
    ┌─ \\?\C:\Users\fallingstar\GeRui\rainoffallingstar.github.io\content\Blog\2022-06-18-在DL领域中乳腺超声数据的处理探究\index.typ:117:52
    │
117 │ 医学超声检查是一种基于超声波的医学影像学诊断技术，使肌肉和内脏器官（包括其大小、结构和病理学病灶）可视化。不同组织和器官之间不同的声学特征导致的声阻抗不同，从而在超声图像中的表现不同。
    │                                                                                                         ^^

error: the character `，` is not valid in code
    ┌─ \\?\C:\Users\fallingstar\GeRui\rainoffallingstar.github.io\content\Blog\2022-06-18-在DL领域中乳腺超声数据的处理探究\index.typ:117:77
    │
117 │ 医学超声检查是一种基于超声波的医学影像学诊断技术，使肌肉和内脏器官（包括其大小、结构和病理学病灶）可视化。不同组织和器官之间不同的声学特征导致的声阻抗不同，从而在超声图像中的表现不同。
    │                                                                                                                                                           ^^

error: the character `。` is not valid in code
    ┌─ \\?\C:\Users\fallingstar\GeRui\rainoffallingstar.github.io\content\Blog\2022-06-18-在DL领域中乳腺超声数据的处理探究\index.typ:117:91
    │
117 │ 医学超声检查是一种基于超声波的医学影像学诊断技术，使肌肉和内脏器官（包括其大小、结构和病理学病灶）可视化。不同组织和器官之间不同的声学特征导致的声阻抗不同，从而在超声图像中的表现不同。
    │                                                                                                                                                                                       ^^

error: the character `：` is not valid in code
    ┌─ \\?\C:\Users\fallingstar\GeRui\rainoffallingstar.github.io\content\Blog\2022-06-18-在DL领域中乳腺超声数据的处理探究\index.typ:119:19
    │
119 │ 正常的乳腺超声图像由浅至深可分五层结构：最外层为皮肤，厚2至3mm，呈强回声带；第二层为皮下脂肪，呈低回声，其内可见三角形回声，为CooPer韧带声像；第三层为腺体层，厚1.0cm士3.0cm，呈低回声，其中夹杂有点状及条状回声，为纤维组织、脂肪及导管结构；第四、五层为胸肌及肋间肌，一般易于分辨，呈条状回声（fig.1）
    │                                       ^^

error: the character `，` is not valid in code
    ┌─ \\?\C:\Users\fallingstar\GeRui\rainoffallingstar.github.io\content\Blog\2022-06-18-在DL领域中乳腺超声数据的处理探究\index.typ:119:26
    │
119 │ 正常的乳腺超声图像由浅至深可分五层结构：最外层为皮肤，厚2至3mm，呈强回声带；第二层为皮下脂肪，呈低回声，其内可见三角形回声，为CooPer韧带声像；第三层为腺体层，厚1.0cm士3.0cm，呈低回声，其中夹杂有点状及条状回声，为纤维组织、脂肪及导管结构；第四、五层为胸肌及肋间肌，一般易于分辨，呈条状回声（fig.1）
    │                                                     ^^

error: the character `，` is not valid in code
    ┌─ \\?\C:\Users\fallingstar\GeRui\rainoffallingstar.github.io\content\Blog\2022-06-18-在DL领域中乳腺超声数据的处理探究\index.typ:119:33
    │
119 │ 正常的乳腺超声图像由浅至深可分五层结构：最外层为皮肤，厚2至3mm，呈强回声带；第二层为皮下脂肪，呈低回声，其内可见三角形回声，为CooPer韧带声像；第三层为腺体层，厚1.0cm士3.0cm，呈低回声，其中夹杂有点状及条状回声，为纤维组织、脂肪及导管结构；第四、五层为胸肌及肋间肌，一般易于分辨，呈条状回声（fig.1）
    │                                                               ^^

error: the character `；` is not valid in code
    ┌─ \\?\C:\Users\fallingstar\GeRui\rainoffallingstar.github.io\content\Blog\2022-06-18-在DL领域中乳腺超声数据的处理探究\index.typ:119:39
    │
119 │ 正常的乳腺超声图像由浅至深可分五层结构：最外层为皮肤，厚2至3mm，呈强回声带；第二层为皮下脂肪，呈低回声，其内可见三角形回声，为CooPer韧带声像；第三层为腺体层，厚1.0cm士3.0cm，呈低回声，其中夹杂有点状及条状回声，为纤维组织、脂肪及导管结构；第四、五层为胸肌及肋间肌，一般易于分辨，呈条状回声（fig.1）
    │                                                                           ^^

error: the character `，` is not valid in code
    ┌─ \\?\C:\Users\fallingstar\GeRui\rainoffallingstar.github.io\content\Blog\2022-06-18-在DL领域中乳腺超声数据的处理探究\index.typ:119:48
    │
119 │ 正常的乳腺超声图像由浅至深可分五层结构：最外层为皮肤，厚2至3mm，呈强回声带；第二层为皮下脂肪，呈低回声，其内可见三角形回声，为CooPer韧带声像；第三层为腺体层，厚1.0cm士3.0cm，呈低回声，其中夹杂有点状及条状回声，为纤维组织、脂肪及导管结构；第四、五层为胸肌及肋间肌，一般易于分辨，呈条状回声（fig.1）
    │                                                                                             ^^

error: the character `，` is not valid in code
    ┌─ \\?\C:\Users\fallingstar\GeRui\rainoffallingstar.github.io\content\Blog\2022-06-18-在DL领域中乳腺超声数据的处理探究\index.typ:119:53
    │
119 │ 正常的乳腺超声图像由浅至深可分五层结构：最外层为皮肤，厚2至3mm，呈强回声带；第二层为皮下脂肪，呈低回声，其内可见三角形回声，为CooPer韧带声像；第三层为腺体层，厚1.0cm士3.0cm，呈低回声，其中夹杂有点状及条状回声，为纤维组织、脂肪及导管结构；第四、五层为胸肌及肋间肌，一般易于分辨，呈条状回声（fig.1）
    │                                                                                                       ^^

error: the character `，` is not valid in code
    ┌─ \\?\C:\Users\fallingstar\GeRui\rainoffallingstar.github.io\content\Blog\2022-06-18-在DL领域中乳腺超声数据的处理探究\index.typ:119:63
    │
119 │ 正常的乳腺超声图像由浅至深可分五层结构：最外层为皮肤，厚2至3mm，呈强回声带；第二层为皮下脂肪，呈低回声，其内可见三角形回声，为CooPer韧带声像；第三层为腺体层，厚1.0cm士3.0cm，呈低回声，其中夹杂有点状及条状回声，为纤维组织、脂肪及导管结构；第四、五层为胸肌及肋间肌，一般易于分辨，呈条状回声（fig.1）
    │                                                                                                                           ^^

error: the character `；` is not valid in code
    ┌─ \\?\C:\Users\fallingstar\GeRui\rainoffallingstar.github.io\content\Blog\2022-06-18-在DL领域中乳腺超声数据的处理探究\index.typ:119:75
    │
119 │ 正常的乳腺超声图像由浅至深可分五层结构：最外层为皮肤，厚2至3mm，呈强回声带；第二层为皮下脂肪，呈低回声，其内可见三角形回声，为CooPer韧带声像；第三层为腺体层，厚1.0cm士3.0cm，呈低回声，其中夹杂有点状及条状回声，为纤维组织、脂肪及导管结构；第四、五层为胸肌及肋间肌，一般易于分辨，呈条状回声（fig.1）
    │                                                                                                                                             ^^

error: the character `，` is not valid in code
    ┌─ \\?\C:\Users\fallingstar\GeRui\rainoffallingstar.github.io\content\Blog\2022-06-18-在DL领域中乳腺超声数据的处理探究\index.typ:119:83
    │
119 │ 正常的乳腺超声图像由浅至深可分五层结构：最外层为皮肤，厚2至3mm，呈强回声带；第二层为皮下脂肪，呈低回声，其内可见三角形回声，为CooPer韧带声像；第三层为腺体层，厚1.0cm士3.0cm，呈低回声，其中夹杂有点状及条状回声，为纤维组织、脂肪及导管结构；第四、五层为胸肌及肋间肌，一般易于分辨，呈条状回声（fig.1）
    │                                                                                                                                                             ^^

error: expected comma
    ┌─ \\?\C:\Users\fallingstar\GeRui\rainoffallingstar.github.io\content\Blog\2022-06-18-在DL领域中乳腺超声数据的处理探究\index.typ:119:86
    │
119 │ 正常的乳腺超声图像由浅至深可分五层结构：最外层为皮肤，厚2至3mm，呈强回声带；第二层为皮下脂肪，呈低回声，其内可见三角形回声，为CooPer韧带声像；第三层为腺体层，厚1.0cm士3.0cm，呈低回声，其中夹杂有点状及条状回声，为纤维组织、脂肪及导管结构；第四、五层为胸肌及肋间肌，一般易于分辨，呈条状回声（fig.1）
    │                                                                                                                                                                  ^

error: expected comma
    ┌─ \\?\C:\Users\fallingstar\GeRui\rainoffallingstar.github.io\content\Blog\2022-06-18-在DL领域中乳腺超声数据的处理探究\index.typ:119:90
    │
119 │ 正常的乳腺超声图像由浅至深可分五层结构：最外层为皮肤，厚2至3mm，呈强回声带；第二层为皮下脂肪，呈低回声，其内可见三角形回声，为CooPer韧带声像；第三层为腺体层，厚1.0cm士3.0cm，呈低回声，其中夹杂有点状及条状回声，为纤维组织、脂肪及导管结构；第四、五层为胸肌及肋间肌，一般易于分辨，呈条状回声（fig.1）
    │                                                                                                                                                                      ^^

error: expected comma
    ┌─ \\?\C:\Users\fallingstar\GeRui\rainoffallingstar.github.io\content\Blog\2022-06-18-在DL领域中乳腺超声数据的处理探究\index.typ:119:92
    │
119 │ 正常的乳腺超声图像由浅至深可分五层结构：最外层为皮肤，厚2至3mm，呈强回声带；第二层为皮下脂肪，呈低回声，其内可见三角形回声，为CooPer韧带声像；第三层为腺体层，厚1.0cm士3.0cm，呈低回声，其中夹杂有点状及条状回声，为纤维组织、脂肪及导管结构；第四、五层为胸肌及肋间肌，一般易于分辨，呈条状回声（fig.1）
    │                                                                                                                                                                         ^

error: the character `，` is not valid in code
    ┌─ \\?\C:\Users\fallingstar\GeRui\rainoffallingstar.github.io\content\Blog\2022-06-18-在DL领域中乳腺超声数据的处理探究\index.typ:119:96
    │
119 │ 正常的乳腺超声图像由浅至深可分五层结构：最外层为皮肤，厚2至3mm，呈强回声带；第二层为皮下脂肪，呈低回声，其内可见三角形回声，为CooPer韧带声像；第三层为腺体层，厚1.0cm士3.0cm，呈低回声，其中夹杂有点状及条状回声，为纤维组织、脂肪及导管结构；第四、五层为胸肌及肋间肌，一般易于分辨，呈条状回声（fig.1）
    │                                                                                                                                                                             ^^

error: the character `，` is not valid in code
    ┌─ \\?\C:\Users\fallingstar\GeRui\rainoffallingstar.github.io\content\Blog\2022-06-18-在DL领域中乳腺超声数据的处理探究\index.typ:119:101
    │
119 │ 正常的乳腺超声图像由浅至深可分五层结构：最外层为皮肤，厚2至3mm，呈强回声带；第二层为皮下脂肪，呈低回声，其内可见三角形回声，为CooPer韧带声像；第三层为腺体层，厚1.0cm士3.0cm，呈低回声，其中夹杂有点状及条状回声，为纤维组织、脂肪及导管结构；第四、五层为胸肌及肋间肌，一般易于分辨，呈条状回声（fig.1）
    │                                                                                                                                                                                       ^^

error: the character `，` is not valid in code
    ┌─ \\?\C:\Users\fallingstar\GeRui\rainoffallingstar.github.io\content\Blog\2022-06-18-在DL领域中乳腺超声数据的处理探究\index.typ:119:114
    │
119 │ 正常的乳腺超声图像由浅至深可分五层结构：最外层为皮肤，厚2至3mm，呈强回声带；第二层为皮下脂肪，呈低回声，其内可见三角形回声，为CooPer韧带声像；第三层为腺体层，厚1.0cm士3.0cm，呈低回声，其中夹杂有点状及条状回声，为纤维组织、脂肪及导管结构；第四、五层为胸肌及肋间肌，一般易于分辨，呈条状回声（fig.1）
    │                                                                                                                                                                                                                 ^^

error: the character `、` is not valid in code
    ┌─ \\?\C:\Users\fallingstar\GeRui\rainoffallingstar.github.io\content\Blog\2022-06-18-在DL领域中乳腺超声数据的处理探究\index.typ:119:120
    │
119 │ 正常的乳腺超声图像由浅至深可分五层结构：最外层为皮肤，厚2至3mm，呈强回声带；第二层为皮下脂肪，呈低回声，其内可见三角形回声，为CooPer韧带声像；第三层为腺体层，厚1.0cm士3.0cm，呈低回声，其中夹杂有点状及条状回声，为纤维组织、脂肪及导管结构；第四、五层为胸肌及肋间肌，一般易于分辨，呈条状回声（fig.1）
    │                                                                                                                                                                                                                             ^^

error: the character `；` is not valid in code
    ┌─ \\?\C:\Users\fallingstar\GeRui\rainoffallingstar.github.io\content\Blog\2022-06-18-在DL领域中乳腺超声数据的处理探究\index.typ:119:128
    │
119 │ 正常的乳腺超声图像由浅至深可分五层结构：最外层为皮肤，厚2至3mm，呈强回声带；第二层为皮下脂肪，呈低回声，其内可见三角形回声，为CooPer韧带声像；第三层为腺体层，厚1.0cm士3.0cm，呈低回声，其中夹杂有点状及条状回声，为纤维组织、脂肪及导管结构；第四、五层为胸肌及肋间肌，一般易于分辨，呈条状回声（fig.1）
    │                                                                                                                                                                                                                                             ^^

error: the character `、` is not valid in code
    ┌─ \\?\C:\Users\fallingstar\GeRui\rainoffallingstar.github.io\content\Blog\2022-06-18-在DL领域中乳腺超声数据的处理探究\index.typ:119:131
    │
119 │ 正常的乳腺超声图像由浅至深可分五层结构：最外层为皮肤，厚2至3mm，呈强回声带；第二层为皮下脂肪，呈低回声，其内可见三角形回声，为CooPer韧带声像；第三层为腺体层，厚1.0cm士3.0cm，呈低回声，其中夹杂有点状及条状回声，为纤维组织、脂肪及导管结构；第四、五层为胸肌及肋间肌，一般易于分辨，呈条状回声（fig.1）
    │                                                                                                                                                                                                                                                   ^^

error: the character `，` is not valid in code
    ┌─ \\?\C:\Users\fallingstar\GeRui\rainoffallingstar.github.io\content\Blog\2022-06-18-在DL领域中乳腺超声数据的处理探究\index.typ:119:141
    │
119 │ 正常的乳腺超声图像由浅至深可分五层结构：最外层为皮肤，厚2至3mm，呈强回声带；第二层为皮下脂肪，呈低回声，其内可见三角形回声，为CooPer韧带声像；第三层为腺体层，厚1.0cm士3.0cm，呈低回声，其中夹杂有点状及条状回声，为纤维组织、脂肪及导管结构；第四、五层为胸肌及肋间肌，一般易于分辨，呈条状回声（fig.1）
    │                                                                                                                                                                                                                                                                       ^^

error: the character `，` is not valid in code
    ┌─ \\?\C:\Users\fallingstar\GeRui\rainoffallingstar.github.io\content\Blog\2022-06-18-在DL领域中乳腺超声数据的处理探究\index.typ:119:148
    │
119 │ 正常的乳腺超声图像由浅至深可分五层结构：最外层为皮肤，厚2至3mm，呈强回声带；第二层为皮下脂肪，呈低回声，其内可见三角形回声，为CooPer韧带声像；第三层为腺体层，厚1.0cm士3.0cm，呈低回声，其中夹杂有点状及条状回声，为纤维组织、脂肪及导管结构；第四、五层为胸肌及肋间肌，一般易于分辨，呈条状回声（fig.1）
    │                                                                                                                                                                                                                                                                                     ^^

error: the character `（` is not valid in code
    ┌─ \\?\C:\Users\fallingstar\GeRui\rainoffallingstar.github.io\content\Blog\2022-06-18-在DL领域中乳腺超声数据的处理探究\index.typ:119:154
    │
119 │ 正常的乳腺超声图像由浅至深可分五层结构：最外层为皮肤，厚2至3mm，呈强回声带；第二层为皮下脂肪，呈低回声，其内可见三角形回声，为CooPer韧带声像；第三层为腺体层，厚1.0cm士3.0cm，呈低回声，其中夹杂有点状及条状回声，为纤维组织、脂肪及导管结构；第四、五层为胸肌及肋间肌，一般易于分辨，呈条状回声（fig.1）
    │                                                                                                                                                                                                                                                                                                 ^^

error: expected comma
    ┌─ \\?\C:\Users\fallingstar\GeRui\rainoffallingstar.github.io\content\Blog\2022-06-18-在DL领域中乳腺超声数据的处理探究\index.typ:119:158
    │
119 │ 正常的乳腺超声图像由浅至深可分五层结构：最外层为皮肤，厚2至3mm，呈强回声带；第二层为皮下脂肪，呈低回声，其内可见三角形回声，为CooPer韧带声像；第三层为腺体层，厚1.0cm士3.0cm，呈低回声，其中夹杂有点状及条状回声，为纤维组织、脂肪及导管结构；第四、五层为胸肌及肋间肌，一般易于分辨，呈条状回声（fig.1）
    │                                                                                                                                                                                                                                                                                                      ^

error: the character `）` is not valid in code
    ┌─ \\?\C:\Users\fallingstar\GeRui\rainoffallingstar.github.io\content\Blog\2022-06-18-在DL领域中乳腺超声数据的处理探究\index.typ:119:160
    │
119 │ 正常的乳腺超声图像由浅至深可分五层结构：最外层为皮肤，厚2至3mm，呈强回声带；第二层为皮下脂肪，呈低回声，其内可见三角形回声，为CooPer韧带声像；第三层为腺体层，厚1.0cm士3.0cm，呈低回声，其中夹杂有点状及条状回声，为纤维组织、脂肪及导管结构；第四、五层为胸肌及肋间肌，一般易于分辨，呈条状回声（fig.1）
    │                                                                                                                                                                                                                                                                                                        ^^

error: the character `!` is not valid in code
    ┌─ \\?\C:\Users\fallingstar\GeRui\rainoffallingstar.github.io\content\Blog\2022-06-18-在DL领域中乳腺超声数据的处理探究\index.typ:121:0
    │
121 │ !#link("https://gitee.com/rainoffallingstar/rainoffallingstar/raw/mydraft/_imgbed/202206181619714.png")[fig.1]
    │ ^

error: the character `#` is not valid in code
    ┌─ \\?\C:\Users\fallingstar\GeRui\rainoffallingstar.github.io\content\Blog\2022-06-18-在DL领域中乳腺超声数据的处理探究\index.typ:121:1
    │
121 │ !#link("https://gitee.com/rainoffallingstar/rainoffallingstar/raw/mydraft/_imgbed/202206181619714.png")[fig.1]
    │  ^

error: expected comma
    ┌─ \\?\C:\Users\fallingstar\GeRui\rainoffallingstar.github.io\content\Blog\2022-06-18-在DL领域中乳腺超声数据的处理探究\index.typ:121:110
    │
121 │ !#link("https://gitee.com/rainoffallingstar/rainoffallingstar/raw/mydraft/_imgbed/202206181619714.png")[fig.1]
    │                                                                                                               ^

error: the character `：` is not valid in code
    ┌─ \\?\C:\Users\fallingstar\GeRui\rainoffallingstar.github.io\content\Blog\2022-06-18-在DL领域中乳腺超声数据的处理探究\index.typ:123:16
    │
123 │ 目前已知的超声医学数据格式有两种：dicom及视频格式，相比视频格式而言，dicom格式更加原始，成像质量及截取到的影像横面清晰度可能更好，且标注手段多，对于计算设备处理要求低，而视频格式的成像质量可能与帧数有关，且处理及占用体积较为困难。
    │                                 ^^

error: the character `，` is not valid in code
    ┌─ \\?\C:\Users\fallingstar\GeRui\rainoffallingstar.github.io\content\Blog\2022-06-18-在DL领域中乳腺超声数据的处理探究\index.typ:123:27
    │
123 │ 目前已知的超声医学数据格式有两种：dicom及视频格式，相比视频格式而言，dicom格式更加原始，成像质量及截取到的影像横面清晰度可能更好，且标注手段多，对于计算设备处理要求低，而视频格式的成像质量可能与帧数有关，且处理及占用体积较为困难。
    │                                                  ^^

error: the character `，` is not valid in code
    ┌─ \\?\C:\Users\fallingstar\GeRui\rainoffallingstar.github.io\content\Blog\2022-06-18-在DL领域中乳腺超声数据的处理探究\index.typ:123:36
    │
123 │ 目前已知的超声医学数据格式有两种：dicom及视频格式，相比视频格式而言，dicom格式更加原始，成像质量及截取到的影像横面清晰度可能更好，且标注手段多，对于计算设备处理要求低，而视频格式的成像质量可能与帧数有关，且处理及占用体积较为困难。
    │                                                                    ^^

error: the character `，` is not valid in code
    ┌─ \\?\C:\Users\fallingstar\GeRui\rainoffallingstar.github.io\content\Blog\2022-06-18-在DL领域中乳腺超声数据的处理探究\index.typ:123:48
    │
123 │ 目前已知的超声医学数据格式有两种：dicom及视频格式，相比视频格式而言，dicom格式更加原始，成像质量及截取到的影像横面清晰度可能更好，且标注手段多，对于计算设备处理要求低，而视频格式的成像质量可能与帧数有关，且处理及占用体积较为困难。
    │                                                                                       ^^

error: the character `，` is not valid in code
    ┌─ \\?\C:\Users\fallingstar\GeRui\rainoffallingstar.github.io\content\Blog\2022-06-18-在DL领域中乳腺超声数据的处理探究\index.typ:123:69
    │
123 │ 目前已知的超声医学数据格式有两种：dicom及视频格式，相比视频格式而言，dicom格式更加原始，成像质量及截取到的影像横面清晰度可能更好，且标注手段多，对于计算设备处理要求低，而视频格式的成像质量可能与帧数有关，且处理及占用体积较为困难。
    │                                                                                                                                 ^^

error: the character `，` is not valid in code
    ┌─ \\?\C:\Users\fallingstar\GeRui\rainoffallingstar.github.io\content\Blog\2022-06-18-在DL领域中乳腺超声数据的处理探究\index.typ:123:76
    │
123 │ 目前已知的超声医学数据格式有两种：dicom及视频格式，相比视频格式而言，dicom格式更加原始，成像质量及截取到的影像横面清晰度可能更好，且标注手段多，对于计算设备处理要求低，而视频格式的成像质量可能与帧数有关，且处理及占用体积较为困难。
    │                                                                                                                                               ^^

error: the character `，` is not valid in code
    ┌─ \\?\C:\Users\fallingstar\GeRui\rainoffallingstar.github.io\content\Blog\2022-06-18-在DL领域中乳腺超声数据的处理探究\index.typ:123:88
    │
123 │ 目前已知的超声医学数据格式有两种：dicom及视频格式，相比视频格式而言，dicom格式更加原始，成像质量及截取到的影像横面清晰度可能更好，且标注手段多，对于计算设备处理要求低，而视频格式的成像质量可能与帧数有关，且处理及占用体积较为困难。
    │                                                                                                                                                                       ^^

error: the character `，` is not valid in code
    ┌─ \\?\C:\Users\fallingstar\GeRui\rainoffallingstar.github.io\content\Blog\2022-06-18-在DL领域中乳腺超声数据的处理探究\index.typ:123:106
    │
123 │ 目前已知的超声医学数据格式有两种：dicom及视频格式，相比视频格式而言，dicom格式更加原始，成像质量及截取到的影像横面清晰度可能更好，且标注手段多，对于计算设备处理要求低，而视频格式的成像质量可能与帧数有关，且处理及占用体积较为困难。
    │                                                                                                                                                                                                           ^^

error: the character `。` is not valid in code
    ┌─ \\?\C:\Users\fallingstar\GeRui\rainoffallingstar.github.io\content\Blog\2022-06-18-在DL领域中乳腺超声数据的处理探究\index.typ:123:119
    │
123 │ 目前已知的超声医学数据格式有两种：dicom及视频格式，相比视频格式而言，dicom格式更加原始，成像质量及截取到的影像横面清晰度可能更好，且标注手段多，对于计算设备处理要求低，而视频格式的成像质量可能与帧数有关，且处理及占用体积较为困难。
    │                                                                                                                                                                                                                                     ^^

error: the character `，` is not valid in code
    ┌─ \\?\C:\Users\fallingstar\GeRui\rainoffallingstar.github.io\content\Blog\2022-06-18-在DL领域中乳腺超声数据的处理探究\index.typ:125:20
    │
125 │ 然而目前在超声医学方面的优质数据集并不多，可能与超声设备采集影像无法做到同质化有关，如：1.相比ct、mri、x-ray在全身/解剖区域的总体扫描，超声影像更多是在局部进行穿透探查，而每次选点的不同，都将导致图像的显像改变。2.不同设备、不同人种之间可能带来的差异。但是值得注意的是，通常同质化问题在深度学习中并不是一个严重的问题，因为特定的病灶特征在拓扑空间的投影有可能是相关联的，从而能无视数据原本的差异性，但是这一切的前提是正确的采集优质数据、制作精确的标签/标注。
    │                                         ^^

error: the character `，` is not valid in code
    ┌─ \\?\C:\Users\fallingstar\GeRui\rainoffallingstar.github.io\content\Blog\2022-06-18-在DL领域中乳腺超声数据的处理探究\index.typ:125:41
    │
125 │ 然而目前在超声医学方面的优质数据集并不多，可能与超声设备采集影像无法做到同质化有关，如：1.相比ct、mri、x-ray在全身/解剖区域的总体扫描，超声影像更多是在局部进行穿透探查，而每次选点的不同，都将导致图像的显像改变。2.不同设备、不同人种之间可能带来的差异。但是值得注意的是，通常同质化问题在深度学习中并不是一个严重的问题，因为特定的病灶特征在拓扑空间的投影有可能是相关联的，从而能无视数据原本的差异性，但是这一切的前提是正确的采集优质数据、制作精确的标签/标注。
    │                                                                                   ^^

error: the character `：` is not valid in code
    ┌─ \\?\C:\Users\fallingstar\GeRui\rainoffallingstar.github.io\content\Blog\2022-06-18-在DL领域中乳腺超声数据的处理探究\index.typ:125:43
    │
125 │ 然而目前在超声医学方面的优质数据集并不多，可能与超声设备采集影像无法做到同质化有关，如：1.相比ct、mri、x-ray在全身/解剖区域的总体扫描，超声影像更多是在局部进行穿透探查，而每次选点的不同，都将导致图像的显像改变。2.不同设备、不同人种之间可能带来的差异。但是值得注意的是，通常同质化问题在深度学习中并不是一个严重的问题，因为特定的病灶特征在拓扑空间的投影有可能是相关联的，从而能无视数据原本的差异性，但是这一切的前提是正确的采集优质数据、制作精确的标签/标注。
    │                                                                                       ^^

error: the character `、` is not valid in code
    ┌─ \\?\C:\Users\fallingstar\GeRui\rainoffallingstar.github.io\content\Blog\2022-06-18-在DL领域中乳腺超声数据的处理探究\index.typ:125:50
    │
125 │ 然而目前在超声医学方面的优质数据集并不多，可能与超声设备采集影像无法做到同质化有关，如：1.相比ct、mri、x-ray在全身/解剖区域的总体扫描，超声影像更多是在局部进行穿透探查，而每次选点的不同，都将导致图像的显像改变。2.不同设备、不同人种之间可能带来的差异。但是值得注意的是，通常同质化问题在深度学习中并不是一个严重的问题，因为特定的病灶特征在拓扑空间的投影有可能是相关联的，从而能无视数据原本的差异性，但是这一切的前提是正确的采集优质数据、制作精确的标签/标注。
    │                                                                                                 ^^

error: the character `、` is not valid in code
    ┌─ \\?\C:\Users\fallingstar\GeRui\rainoffallingstar.github.io\content\Blog\2022-06-18-在DL领域中乳腺超声数据的处理探究\index.typ:125:54
    │
125 │ 然而目前在超声医学方面的优质数据集并不多，可能与超声设备采集影像无法做到同质化有关，如：1.相比ct、mri、x-ray在全身/解剖区域的总体扫描，超声影像更多是在局部进行穿透探查，而每次选点的不同，都将导致图像的显像改变。2.不同设备、不同人种之间可能带来的差异。但是值得注意的是，通常同质化问题在深度学习中并不是一个严重的问题，因为特定的病灶特征在拓扑空间的投影有可能是相关联的，从而能无视数据原本的差异性，但是这一切的前提是正确的采集优质数据、制作精确的标签/标注。
    │                                                                                                      ^^

error: the character `，` is not valid in code
    ┌─ \\?\C:\Users\fallingstar\GeRui\rainoffallingstar.github.io\content\Blog\2022-06-18-在DL领域中乳腺超声数据的处理探究\index.typ:125:73
    │
125 │ 然而目前在超声医学方面的优质数据集并不多，可能与超声设备采集影像无法做到同质化有关，如：1.相比ct、mri、x-ray在全身/解剖区域的总体扫描，超声影像更多是在局部进行穿透探查，而每次选点的不同，都将导致图像的显像改变。2.不同设备、不同人种之间可能带来的差异。但是值得注意的是，通常同质化问题在深度学习中并不是一个严重的问题，因为特定的病灶特征在拓扑空间的投影有可能是相关联的，从而能无视数据原本的差异性，但是这一切的前提是正确的采集优质数据、制作精确的标签/标注。
    │                                                                                                                                      ^^

error: the character `，` is not valid in code
    ┌─ \\?\C:\Users\fallingstar\GeRui\rainoffallingstar.github.io\content\Blog\2022-06-18-在DL领域中乳腺超声数据的处理探究\index.typ:125:90
    │
125 │ 然而目前在超声医学方面的优质数据集并不多，可能与超声设备采集影像无法做到同质化有关，如：1.相比ct、mri、x-ray在全身/解剖区域的总体扫描，超声影像更多是在局部进行穿透探查，而每次选点的不同，都将导致图像的显像改变。2.不同设备、不同人种之间可能带来的差异。但是值得注意的是，通常同质化问题在深度学习中并不是一个严重的问题，因为特定的病灶特征在拓扑空间的投影有可能是相关联的，从而能无视数据原本的差异性，但是这一切的前提是正确的采集优质数据、制作精确的标签/标注。
    │                                                                                                                                                                        ^^

error: the character `，` is not valid in code
    ┌─ \\?\C:\Users\fallingstar\GeRui\rainoffallingstar.github.io\content\Blog\2022-06-18-在DL领域中乳腺超声数据的处理探究\index.typ:125:99
    │
125 │ 然而目前在超声医学方面的优质数据集并不多，可能与超声设备采集影像无法做到同质化有关，如：1.相比ct、mri、x-ray在全身/解剖区域的总体扫描，超声影像更多是在局部进行穿透探查，而每次选点的不同，都将导致图像的显像改变。2.不同设备、不同人种之间可能带来的差异。但是值得注意的是，通常同质化问题在深度学习中并不是一个严重的问题，因为特定的病灶特征在拓扑空间的投影有可能是相关联的，从而能无视数据原本的差异性，但是这一切的前提是正确的采集优质数据、制作精确的标签/标注。
    │                                                                                                                                                                                          ^^

error: the character `。` is not valid in code
    ┌─ \\?\C:\Users\fallingstar\GeRui\rainoffallingstar.github.io\content\Blog\2022-06-18-在DL领域中乳腺超声数据的处理探究\index.typ:125:111
    │
125 │ 然而目前在超声医学方面的优质数据集并不多，可能与超声设备采集影像无法做到同质化有关，如：1.相比ct、mri、x-ray在全身/解剖区域的总体扫描，超声影像更多是在局部进行穿透探查，而每次选点的不同，都将导致图像的显像改变。2.不同设备、不同人种之间可能带来的差异。但是值得注意的是，通常同质化问题在深度学习中并不是一个严重的问题，因为特定的病灶特征在拓扑空间的投影有可能是相关联的，从而能无视数据原本的差异性，但是这一切的前提是正确的采集优质数据、制作精确的标签/标注。
    │                                                                                                                                                                                                                  ^^

error: the character `、` is not valid in code
    ┌─ \\?\C:\Users\fallingstar\GeRui\rainoffallingstar.github.io\content\Blog\2022-06-18-在DL领域中乳腺超声数据的处理探究\index.typ:125:118
    │
125 │ 然而目前在超声医学方面的优质数据集并不多，可能与超声设备采集影像无法做到同质化有关，如：1.相比ct、mri、x-ray在全身/解剖区域的总体扫描，超声影像更多是在局部进行穿透探查，而每次选点的不同，都将导致图像的显像改变。2.不同设备、不同人种之间可能带来的差异。但是值得注意的是，通常同质化问题在深度学习中并不是一个严重的问题，因为特定的病灶特征在拓扑空间的投影有可能是相关联的，从而能无视数据原本的差异性，但是这一切的前提是正确的采集优质数据、制作精确的标签/标注。
    │                                                                                                                                                                                                                              ^^

error: the character `。` is not valid in code
    ┌─ \\?\C:\Users\fallingstar\GeRui\rainoffallingstar.github.io\content\Blog\2022-06-18-在DL领域中乳腺超声数据的处理探究\index.typ:125:132
    │
125 │ 然而目前在超声医学方面的优质数据集并不多，可能与超声设备采集影像无法做到同质化有关，如：1.相比ct、mri、x-ray在全身/解剖区域的总体扫描，超声影像更多是在局部进行穿透探查，而每次选点的不同，都将导致图像的显像改变。2.不同设备、不同人种之间可能带来的差异。但是值得注意的是，通常同质化问题在深度学习中并不是一个严重的问题，因为特定的病灶特征在拓扑空间的投影有可能是相关联的，从而能无视数据原本的差异性，但是这一切的前提是正确的采集优质数据、制作精确的标签/标注。
    │                                                                                                                                                                                                                                                          ^^

error: the character `，` is not valid in code
    ┌─ \\?\C:\Users\fallingstar\GeRui\rainoffallingstar.github.io\content\Blog\2022-06-18-在DL领域中乳腺超声数据的处理探究\index.typ:125:141
    │
125 │ 然而目前在超声医学方面的优质数据集并不多，可能与超声设备采集影像无法做到同质化有关，如：1.相比ct、mri、x-ray在全身/解剖区域的总体扫描，超声影像更多是在局部进行穿透探查，而每次选点的不同，都将导致图像的显像改变。2.不同设备、不同人种之间可能带来的差异。但是值得注意的是，通常同质化问题在深度学习中并不是一个严重的问题，因为特定的病灶特征在拓扑空间的投影有可能是相关联的，从而能无视数据原本的差异性，但是这一切的前提是正确的采集优质数据、制作精确的标签/标注。
    │                                                                                                                                                                                                                                                                            ^^

error: the character `，` is not valid in code
    ┌─ \\?\C:\Users\fallingstar\GeRui\rainoffallingstar.github.io\content\Blog\2022-06-18-在DL领域中乳腺超声数据的处理探究\index.typ:125:165
    │
125 │ 然而目前在超声医学方面的优质数据集并不多，可能与超声设备采集影像无法做到同质化有关，如：1.相比ct、mri、x-ray在全身/解剖区域的总体扫描，超声影像更多是在局部进行穿透探查，而每次选点的不同，都将导致图像的显像改变。2.不同设备、不同人种之间可能带来的差异。但是值得注意的是，通常同质化问题在深度学习中并不是一个严重的问题，因为特定的病灶特征在拓扑空间的投影有可能是相关联的，从而能无视数据原本的差异性，但是这一切的前提是正确的采集优质数据、制作精确的标签/标注。
    │                                                                                                                                                                                                                                                                                                                            ^^

error: the character `，` is not valid in code
    ┌─ \\?\C:\Users\fallingstar\GeRui\rainoffallingstar.github.io\content\Blog\2022-06-18-在DL领域中乳腺超声数据的处理探究\index.typ:125:191
    │
125 │ 然而目前在超声医学方面的优质数据集并不多，可能与超声设备采集影像无法做到同质化有关，如：1.相比ct、mri、x-ray在全身/解剖区域的总体扫描，超声影像更多是在局部进行穿透探查，而每次选点的不同，都将导致图像的显像改变。2.不同设备、不同人种之间可能带来的差异。但是值得注意的是，通常同质化问题在深度学习中并不是一个严重的问题，因为特定的病灶特征在拓扑空间的投影有可能是相关联的，从而能无视数据原本的差异性，但是这一切的前提是正确的采集优质数据、制作精确的标签/标注。
    │                                                                                                                                                                                                                                                                                                                                                                                ^^

error: the character `，` is not valid in code
    ┌─ \\?\C:\Users\fallingstar\GeRui\rainoffallingstar.github.io\content\Blog\2022-06-18-在DL领域中乳腺超声数据的处理探究\index.typ:125:205
    │
125 │ 然而目前在超声医学方面的优质数据集并不多，可能与超声设备采集影像无法做到同质化有关，如：1.相比ct、mri、x-ray在全身/解剖区域的总体扫描，超声影像更多是在局部进行穿透探查，而每次选点的不同，都将导致图像的显像改变。2.不同设备、不同人种之间可能带来的差异。但是值得注意的是，通常同质化问题在深度学习中并不是一个严重的问题，因为特定的病灶特征在拓扑空间的投影有可能是相关联的，从而能无视数据原本的差异性，但是这一切的前提是正确的采集优质数据、制作精确的标签/标注。
    │                                                                                                                                                                                                                                                                                                                                                                                                            ^^

error: the character `、` is not valid in code
    ┌─ \\?\C:\Users\fallingstar\GeRui\rainoffallingstar.github.io\content\Blog\2022-06-18-在DL领域中乳腺超声数据的处理探究\index.typ:125:224
    │
125 │ 然而目前在超声医学方面的优质数据集并不多，可能与超声设备采集影像无法做到同质化有关，如：1.相比ct、mri、x-ray在全身/解剖区域的总体扫描，超声影像更多是在局部进行穿透探查，而每次选点的不同，都将导致图像的显像改变。2.不同设备、不同人种之间可能带来的差异。但是值得注意的是，通常同质化问题在深度学习中并不是一个严重的问题，因为特定的病灶特征在拓扑空间的投影有可能是相关联的，从而能无视数据原本的差异性，但是这一切的前提是正确的采集优质数据、制作精确的标签/标注。
    │                                                                                                                                                                                                                                                                                                                                                                                                                                                  ^^

error: the character `。` is not valid in code
    ┌─ \\?\C:\Users\fallingstar\GeRui\rainoffallingstar.github.io\content\Blog\2022-06-18-在DL领域中乳腺超声数据的处理探究\index.typ:125:235
    │
125 │ 然而目前在超声医学方面的优质数据集并不多，可能与超声设备采集影像无法做到同质化有关，如：1.相比ct、mri、x-ray在全身/解剖区域的总体扫描，超声影像更多是在局部进行穿透探查，而每次选点的不同，都将导致图像的显像改变。2.不同设备、不同人种之间可能带来的差异。但是值得注意的是，通常同质化问题在深度学习中并不是一个严重的问题，因为特定的病灶特征在拓扑空间的投影有可能是相关联的，从而能无视数据原本的差异性，但是这一切的前提是正确的采集优质数据、制作精确的标签/标注。
    │                                                                                                                                                                                                                                                                                                                                                                                                                                                                       ^^

error: unexpected equality operator
    ┌─ \\?\C:\Users\fallingstar\GeRui\rainoffallingstar.github.io\content\Blog\2022-06-18-在DL领域中乳腺超声数据的处理探究\index.typ:127:0
    │
127 │ ==== 处理及数量的问题
    │ ^^

error: unexpected equality operator
    ┌─ \\?\C:\Users\fallingstar\GeRui\rainoffallingstar.github.io\content\Blog\2022-06-18-在DL领域中乳腺超声数据的处理探究\index.typ:127:2
    │
127 │ ==== 处理及数量的问题
    │   ^^

error: expected comma
    ┌─ \\?\C:\Users\fallingstar\GeRui\rainoffallingstar.github.io\content\Blog\2022-06-18-在DL领域中乳腺超声数据的处理探究\index.typ:127:13
    │
127 │ ==== 处理及数量的问题
    │                      ^

error: expected comma
    ┌─ \\?\C:\Users\fallingstar\GeRui\rainoffallingstar.github.io\content\Blog\2022-06-18-在DL领域中乳腺超声数据的处理探究\index.typ:129:2
    │
129 │ 1.  在数量上，从本次实验的结果来看，每组\\>=400张病灶图是一个理想的超声数据集的构成，从每个患者中采集5-10张病灶图计算的话，因此每组可能之少需要40-80个病人。
    │   ^

error: the character `，` is not valid in code
    ┌─ \\?\C:\Users\fallingstar\GeRui\rainoffallingstar.github.io\content\Blog\2022-06-18-在DL领域中乳腺超声数据的处理探究\index.typ:129:8
    │
129 │ 1.  在数量上，从本次实验的结果来看，每组\\>=400张病灶图是一个理想的超声数据集的构成，从每个患者中采集5-10张病灶图计算的话，因此每组可能之少需要40-80个病人。
    │             ^^

error: the character `，` is not valid in code
    ┌─ \\?\C:\Users\fallingstar\GeRui\rainoffallingstar.github.io\content\Blog\2022-06-18-在DL领域中乳腺超声数据的处理探究\index.typ:129:19
    │
129 │ 1.  在数量上，从本次实验的结果来看，每组\\>=400张病灶图是一个理想的超声数据集的构成，从每个患者中采集5-10张病灶图计算的话，因此每组可能之少需要40-80个病人。
    │                                   ^^

error: the character `\` is not valid in code
    ┌─ \\?\C:\Users\fallingstar\GeRui\rainoffallingstar.github.io\content\Blog\2022-06-18-在DL领域中乳腺超声数据的处理探究\index.typ:129:22
    │
129 │ 1.  在数量上，从本次实验的结果来看，每组\\>=400张病灶图是一个理想的超声数据集的构成，从每个患者中采集5-10张病灶图计算的话，因此每组可能之少需要40-80个病人。
    │                                         ^

error: the character `\` is not valid in code
    ┌─ \\?\C:\Users\fallingstar\GeRui\rainoffallingstar.github.io\content\Blog\2022-06-18-在DL领域中乳腺超声数据的处理探究\index.typ:129:23
    │
129 │ 1.  在数量上，从本次实验的结果来看，每组\\>=400张病灶图是一个理想的超声数据集的构成，从每个患者中采集5-10张病灶图计算的话，因此每组可能之少需要40-80个病人。
    │                                          ^

error: unexpected greater-than or equal operator
    ┌─ \\?\C:\Users\fallingstar\GeRui\rainoffallingstar.github.io\content\Blog\2022-06-18-在DL领域中乳腺超声数据的处理探究\index.typ:129:24
    │
129 │ 1.  在数量上，从本次实验的结果来看，每组\\>=400张病灶图是一个理想的超声数据集的构成，从每个患者中采集5-10张病灶图计算的话，因此每组可能之少需要40-80个病人。
    │                                           ^^

error: expected comma
    ┌─ \\?\C:\Users\fallingstar\GeRui\rainoffallingstar.github.io\content\Blog\2022-06-18-在DL领域中乳腺超声数据的处理探究\index.typ:129:29
    │
129 │ 1.  在数量上，从本次实验的结果来看，每组\\>=400张病灶图是一个理想的超声数据集的构成，从每个患者中采集5-10张病灶图计算的话，因此每组可能之少需要40-80个病人。
    │                                                ^^

error: the character `，` is not valid in code
    ┌─ \\?\C:\Users\fallingstar\GeRui\rainoffallingstar.github.io\content\Blog\2022-06-18-在DL领域中乳腺超声数据的处理探究\index.typ:129:47
    │
129 │ 1.  在数量上，从本次实验的结果来看，每组\\>=400张病灶图是一个理想的超声数据集的构成，从每个患者中采集5-10张病灶图计算的话，因此每组可能之少需要40-80个病人。
    │                                                                                    ^^

error: the character `，` is not valid in code
    ┌─ \\?\C:\Users\fallingstar\GeRui\rainoffallingstar.github.io\content\Blog\2022-06-18-在DL领域中乳腺超声数据的处理探究\index.typ:129:68
    │
129 │ 1.  在数量上，从本次实验的结果来看，每组\\>=400张病灶图是一个理想的超声数据集的构成，从每个患者中采集5-10张病灶图计算的话，因此每组可能之少需要40-80个病人。
    │                                                                                                                          ^^

error: the character `。` is not valid in code
    ┌─ \\?\C:\Users\fallingstar\GeRui\rainoffallingstar.github.io\content\Blog\2022-06-18-在DL领域中乳腺超声数据的处理探究\index.typ:129:87
    │
129 │ 1.  在数量上，从本次实验的结果来看，每组\\>=400张病灶图是一个理想的超声数据集的构成，从每个患者中采集5-10张病灶图计算的话，因此每组可能之少需要40-80个病人。
    │                                                                                                                                                           ^^

error: expected comma
    ┌─ \\?\C:\Users\fallingstar\GeRui\rainoffallingstar.github.io\content\Blog\2022-06-18-在DL领域中乳腺超声数据的处理探究\index.typ:131:2
    │
131 │ 2.  在数据处理上，无论dicom格式或者视频格式，我们都建议采取以下步骤进行数据处理：去除四周文字 -\\> 保存为".png/.jpg"格式 -\\> 重取大小为224-224 -\\> 数据增强。
    │   ^

error: the character `，` is not valid in code
    ┌─ \\?\C:\Users\fallingstar\GeRui\rainoffallingstar.github.io\content\Blog\2022-06-18-在DL领域中乳腺超声数据的处理探究\index.typ:131:10
    │
131 │ 2.  在数据处理上，无论dicom格式或者视频格式，我们都建议采取以下步骤进行数据处理：去除四周文字 -\\> 保存为".png/.jpg"格式 -\\> 重取大小为224-224 -\\> 数据增强。
    │                 ^^

error: the character `，` is not valid in code
    ┌─ \\?\C:\Users\fallingstar\GeRui\rainoffallingstar.github.io\content\Blog\2022-06-18-在DL领域中乳腺超声数据的处理探究\index.typ:131:26
    │
131 │ 2.  在数据处理上，无论dicom格式或者视频格式，我们都建议采取以下步骤进行数据处理：去除四周文字 -\\> 保存为".png/.jpg"格式 -\\> 重取大小为224-224 -\\> 数据增强。
    │                                            ^^

error: the character `：` is not valid in code
    ┌─ \\?\C:\Users\fallingstar\GeRui\rainoffallingstar.github.io\content\Blog\2022-06-18-在DL领域中乳腺超声数据的处理探究\index.typ:131:44
    │
131 │ 2.  在数据处理上，无论dicom格式或者视频格式，我们都建议采取以下步骤进行数据处理：去除四周文字 -\\> 保存为".png/.jpg"格式 -\\> 重取大小为224-224 -\\> 数据增强。
    │                                                                                ^^

error: expected expression
    ┌─ \\?\C:\Users\fallingstar\GeRui\rainoffallingstar.github.io\content\Blog\2022-06-18-在DL领域中乳腺超声数据的处理探究\index.typ:131:53
    │
131 │ 2.  在数据处理上，无论dicom格式或者视频格式，我们都建议采取以下步骤进行数据处理：去除四周文字 -\\> 保存为".png/.jpg"格式 -\\> 重取大小为224-224 -\\> 数据增强。
    │                                                                                                ^

error: the character `\` is not valid in code
    ┌─ \\?\C:\Users\fallingstar\GeRui\rainoffallingstar.github.io\content\Blog\2022-06-18-在DL领域中乳腺超声数据的处理探究\index.typ:131:53
    │
131 │ 2.  在数据处理上，无论dicom格式或者视频格式，我们都建议采取以下步骤进行数据处理：去除四周文字 -\\> 保存为".png/.jpg"格式 -\\> 重取大小为224-224 -\\> 数据增强。
    │                                                                                                ^

error: the character `\` is not valid in code
    ┌─ \\?\C:\Users\fallingstar\GeRui\rainoffallingstar.github.io\content\Blog\2022-06-18-在DL领域中乳腺超声数据的处理探究\index.typ:131:54
    │
131 │ 2.  在数据处理上，无论dicom格式或者视频格式，我们都建议采取以下步骤进行数据处理：去除四周文字 -\\> 保存为".png/.jpg"格式 -\\> 重取大小为224-224 -\\> 数据增强。
    │                                                                                                 ^

error: unexpected greater-than operator
    ┌─ \\?\C:\Users\fallingstar\GeRui\rainoffallingstar.github.io\content\Blog\2022-06-18-在DL领域中乳腺超声数据的处理探究\index.typ:131:55
    │
131 │ 2.  在数据处理上，无论dicom格式或者视频格式，我们都建议采取以下步骤进行数据处理：去除四周文字 -\\> 保存为".png/.jpg"格式 -\\> 重取大小为224-224 -\\> 数据增强。
    │                                                                                                  ^

error: expected comma
    ┌─ \\?\C:\Users\fallingstar\GeRui\rainoffallingstar.github.io\content\Blog\2022-06-18-在DL领域中乳腺超声数据的处理探究\index.typ:131:60
    │
131 │ 2.  在数据处理上，无论dicom格式或者视频格式，我们都建议采取以下步骤进行数据处理：去除四周文字 -\\> 保存为".png/.jpg"格式 -\\> 重取大小为224-224 -\\> 数据增强。
    │                                                                                                          ^

error: expected comma
    ┌─ \\?\C:\Users\fallingstar\GeRui\rainoffallingstar.github.io\content\Blog\2022-06-18-在DL领域中乳腺超声数据的处理探究\index.typ:131:71
    │
131 │ 2.  在数据处理上，无论dicom格式或者视频格式，我们都建议采取以下步骤进行数据处理：去除四周文字 -\\> 保存为".png/.jpg"格式 -\\> 重取大小为224-224 -\\> 数据增强。
    │                                                                                                                     ^^

error: expected expression
    ┌─ \\?\C:\Users\fallingstar\GeRui\rainoffallingstar.github.io\content\Blog\2022-06-18-在DL领域中乳腺超声数据的处理探究\index.typ:131:75
    │
131 │ 2.  在数据处理上，无论dicom格式或者视频格式，我们都建议采取以下步骤进行数据处理：去除四周文字 -\\> 保存为".png/.jpg"格式 -\\> 重取大小为224-224 -\\> 数据增强。
    │                                                                                                                           ^

error: the character `\` is not valid in code
    ┌─ \\?\C:\Users\fallingstar\GeRui\rainoffallingstar.github.io\content\Blog\2022-06-18-在DL领域中乳腺超声数据的处理探究\index.typ:131:75
    │
131 │ 2.  在数据处理上，无论dicom格式或者视频格式，我们都建议采取以下步骤进行数据处理：去除四周文字 -\\> 保存为".png/.jpg"格式 -\\> 重取大小为224-224 -\\> 数据增强。
    │                                                                                                                           ^

error: the character `\` is not valid in code
    ┌─ \\?\C:\Users\fallingstar\GeRui\rainoffallingstar.github.io\content\Blog\2022-06-18-在DL领域中乳腺超声数据的处理探究\index.typ:131:76
    │
131 │ 2.  在数据处理上，无论dicom格式或者视频格式，我们都建议采取以下步骤进行数据处理：去除四周文字 -\\> 保存为".png/.jpg"格式 -\\> 重取大小为224-224 -\\> 数据增强。
    │                                                                                                                            ^

error: unexpected greater-than operator
    ┌─ \\?\C:\Users\fallingstar\GeRui\rainoffallingstar.github.io\content\Blog\2022-06-18-在DL领域中乳腺超声数据的处理探究\index.typ:131:77
    │
131 │ 2.  在数据处理上，无论dicom格式或者视频格式，我们都建议采取以下步骤进行数据处理：去除四周文字 -\\> 保存为".png/.jpg"格式 -\\> 重取大小为224-224 -\\> 数据增强。
    │                                                                                                                             ^

error: expected expression
    ┌─ \\?\C:\Users\fallingstar\GeRui\rainoffallingstar.github.io\content\Blog\2022-06-18-在DL领域中乳腺超声数据的处理探究\index.typ:131:93
    │
131 │ 2.  在数据处理上，无论dicom格式或者视频格式，我们都建议采取以下步骤进行数据处理：去除四周文字 -\\> 保存为".png/.jpg"格式 -\\> 重取大小为224-224 -\\> 数据增强。
    │                                                                                                                                                  ^

error: the character `\` is not valid in code
    ┌─ \\?\C:\Users\fallingstar\GeRui\rainoffallingstar.github.io\content\Blog\2022-06-18-在DL领域中乳腺超声数据的处理探究\index.typ:131:93
    │
131 │ 2.  在数据处理上，无论dicom格式或者视频格式，我们都建议采取以下步骤进行数据处理：去除四周文字 -\\> 保存为".png/.jpg"格式 -\\> 重取大小为224-224 -\\> 数据增强。
    │                                                                                                                                                  ^

error: the character `\` is not valid in code
    ┌─ \\?\C:\Users\fallingstar\GeRui\rainoffallingstar.github.io\content\Blog\2022-06-18-在DL领域中乳腺超声数据的处理探究\index.typ:131:94
    │
131 │ 2.  在数据处理上，无论dicom格式或者视频格式，我们都建议采取以下步骤进行数据处理：去除四周文字 -\\> 保存为".png/.jpg"格式 -\\> 重取大小为224-224 -\\> 数据增强。
    │                                                                                                                                                   ^

error: unexpected greater-than operator
    ┌─ \\?\C:\Users\fallingstar\GeRui\rainoffallingstar.github.io\content\Blog\2022-06-18-在DL领域中乳腺超声数据的处理探究\index.typ:131:95
    │
131 │ 2.  在数据处理上，无论dicom格式或者视频格式，我们都建议采取以下步骤进行数据处理：去除四周文字 -\\> 保存为".png/.jpg"格式 -\\> 重取大小为224-224 -\\> 数据增强。
    │                                                                                                                                                    ^

error: the character `。` is not valid in code
    ┌─ \\?\C:\Users\fallingstar\GeRui\rainoffallingstar.github.io\content\Blog\2022-06-18-在DL领域中乳腺超声数据的处理探究\index.typ:131:101
    │
131 │ 2.  在数据处理上，无论dicom格式或者视频格式，我们都建议采取以下步骤进行数据处理：去除四周文字 -\\> 保存为".png/.jpg"格式 -\\> 重取大小为224-224 -\\> 数据增强。
    │                                                                                                                                                              ^^

error: expected comma
    ┌─ \\?\C:\Users\fallingstar\GeRui\rainoffallingstar.github.io\content\Blog\2022-06-18-在DL领域中乳腺超声数据的处理探究\index.typ:133:2
    │
133 │ 3.  文件目录结构及标注，在未经专业标注软件处理前，一般以文件夹名称作为标注/标签。如： 
    │   ^

error: the character `，` is not valid in code
    ┌─ \\?\C:\Users\fallingstar\GeRui\rainoffallingstar.github.io\content\Blog\2022-06-18-在DL领域中乳腺超声数据的处理探究\index.typ:133:13
    │
133 │ 3.  文件目录结构及标注，在未经专业标注软件处理前，一般以文件夹名称作为标注/标签。如： 
    │                       ^^

error: the character `，` is not valid in code
    ┌─ \\?\C:\Users\fallingstar\GeRui\rainoffallingstar.github.io\content\Blog\2022-06-18-在DL领域中乳腺超声数据的处理探究\index.typ:133:26
    │
133 │ 3.  文件目录结构及标注，在未经专业标注软件处理前，一般以文件夹名称作为标注/标签。如： 
    │                                                 ^^

error: the character `。` is not valid in code
    ┌─ \\?\C:\Users\fallingstar\GeRui\rainoffallingstar.github.io\content\Blog\2022-06-18-在DL领域中乳腺超声数据的处理探究\index.typ:133:42
    │
133 │ 3.  文件目录结构及标注，在未经专业标注软件处理前，一般以文件夹名称作为标注/标签。如： 
    │                                                                                ^^

error: the character `：` is not valid in code
    ┌─ \\?\C:\Users\fallingstar\GeRui\rainoffallingstar.github.io\content\Blog\2022-06-18-在DL领域中乳腺超声数据的处理探究\index.typ:133:44
    │
133 │ 3.  文件目录结构及标注，在未经专业标注软件处理前，一般以文件夹名称作为标注/标签。如： 
    │                                                                                    ^^

error: unexpected equality operator
    ┌─ \\?\C:\Users\fallingstar\GeRui\rainoffallingstar.github.io\content\Blog\2022-06-18-在DL领域中乳腺超声数据的处理探究\index.typ:135:0
    │
135 │ === 超声增强造影影像组学的建议
    │ ^^

error: unexpected equals sign
    ┌─ \\?\C:\Users\fallingstar\GeRui\rainoffallingstar.github.io\content\Blog\2022-06-18-在DL领域中乳腺超声数据的处理探究\index.typ:135:2
    │
135 │ === 超声增强造影影像组学的建议
    │   ^

error: expected comma
    ┌─ \\?\C:\Users\fallingstar\GeRui\rainoffallingstar.github.io\content\Blog\2022-06-18-在DL领域中乳腺超声数据的处理探究\index.typ:135:17
    │
135 │ === 超声增强造影影像组学的建议
    │                               ^

error: expected comma
    ┌─ \\?\C:\Users\fallingstar\GeRui\rainoffallingstar.github.io\content\Blog\2022-06-18-在DL领域中乳腺超声数据的处理探究\index.typ:137:2
    │
137 │ 1.  从训练情况来看：在设置良好的任务目标、制作基本精确的数据集的情况下，利用超声数据进行深度学习影像组学表现出了模型拟合的趋势。
    │   ^

error: the character `：` is not valid in code
    ┌─ \\?\C:\Users\fallingstar\GeRui\rainoffallingstar.github.io\content\Blog\2022-06-18-在DL领域中乳腺超声数据的处理探究\index.typ:137:11
    │
137 │ 1.  从训练情况来看：在设置良好的任务目标、制作基本精确的数据集的情况下，利用超声数据进行深度学习影像组学表现出了模型拟合的趋势。
    │                   ^^

error: the character `、` is not valid in code
    ┌─ \\?\C:\Users\fallingstar\GeRui\rainoffallingstar.github.io\content\Blog\2022-06-18-在DL领域中乳腺超声数据的处理探究\index.typ:137:22
    │
137 │ 1.  从训练情况来看：在设置良好的任务目标、制作基本精确的数据集的情况下，利用超声数据进行深度学习影像组学表现出了模型拟合的趋势。
    │                                         ^^

error: the character `，` is not valid in code
    ┌─ \\?\C:\Users\fallingstar\GeRui\rainoffallingstar.github.io\content\Blog\2022-06-18-在DL领域中乳腺超声数据的处理探究\index.typ:137:37
    │
137 │ 1.  从训练情况来看：在设置良好的任务目标、制作基本精确的数据集的情况下，利用超声数据进行深度学习影像组学表现出了模型拟合的趋势。
    │                                                                       ^^

error: the character `。` is not valid in code
    ┌─ \\?\C:\Users\fallingstar\GeRui\rainoffallingstar.github.io\content\Blog\2022-06-18-在DL领域中乳腺超声数据的处理探究\index.typ:137:65
    │
137 │ 1.  从训练情况来看：在设置良好的任务目标、制作基本精确的数据集的情况下，利用超声数据进行深度学习影像组学表现出了模型拟合的趋势。
    │                                                                                                                               ^^

error: the character `\` is not valid in code
    ┌─ \\?\C:\Users\fallingstar\GeRui\rainoffallingstar.github.io\content\Blog\2022-06-18-在DL领域中乳腺超声数据的处理探究\index.typ:138:4
    │
138 │ 2.  \造影增强数据可能比单纯原始灰度超声数据提供更多信息\，可以进一步探究，但仍需要良好的数据集及任务设置。
    │     ^

error: the character `\` is not valid in code
    ┌─ \\?\C:\Users\fallingstar\GeRui\rainoffallingstar.github.io\content\Blog\2022-06-18-在DL领域中乳腺超声数据的处理探究\index.typ:138:30
    │
138 │ 2.  \造影增强数据可能比单纯原始灰度超声数据提供更多信息\，可以进一步探究，但仍需要良好的数据集及任务设置。
    │                                                        ^

error: the character `，` is not valid in code
    ┌─ \\?\C:\Users\fallingstar\GeRui\rainoffallingstar.github.io\content\Blog\2022-06-18-在DL领域中乳腺超声数据的处理探究\index.typ:138:31
    │
138 │ 2.  \造影增强数据可能比单纯原始灰度超声数据提供更多信息\，可以进一步探究，但仍需要良好的数据集及任务设置。
    │                                                         ^^

error: the character `，` is not valid in code
    ┌─ \\?\C:\Users\fallingstar\GeRui\rainoffallingstar.github.io\content\Blog\2022-06-18-在DL领域中乳腺超声数据的处理探究\index.typ:138:39
    │
138 │ 2.  \造影增强数据可能比单纯原始灰度超声数据提供更多信息\，可以进一步探究，但仍需要良好的数据集及任务设置。
    │                                                                         ^^

error: the character `。` is not valid in code
    ┌─ \\?\C:\Users\fallingstar\GeRui\rainoffallingstar.github.io\content\Blog\2022-06-18-在DL领域中乳腺超声数据的处理探究\index.typ:138:55
    │
138 │ 2.  \造影增强数据可能比单纯原始灰度超声数据提供更多信息\，可以进一步探究，但仍需要良好的数据集及任务设置。
    │                                                                                                         ^^

error: the character `\` is not valid in code
    ┌─ \\?\C:\Users\fallingstar\GeRui\rainoffallingstar.github.io\content\Blog\2022-06-18-在DL领域中乳腺超声数据的处理探究\index.typ:139:4
    │
139 │ 3.  \在模型选择上仍需要慎重\，应优先选择适合小型数据集的拟合方法，包括迁移学习，在超低数据集时，仍然建议使用SVM分类器进行建模可能效果良好。
    │     ^

error: the character `\` is not valid in code
    ┌─ \\?\C:\Users\fallingstar\GeRui\rainoffallingstar.github.io\content\Blog\2022-06-18-在DL领域中乳腺超声数据的处理探究\index.typ:139:16
    │
139 │ 3.  \在模型选择上仍需要慎重\，应优先选择适合小型数据集的拟合方法，包括迁移学习，在超低数据集时，仍然建议使用SVM分类器进行建模可能效果良好。
    │                            ^

error: the character `，` is not valid in code
    ┌─ \\?\C:\Users\fallingstar\GeRui\rainoffallingstar.github.io\content\Blog\2022-06-18-在DL领域中乳腺超声数据的处理探究\index.typ:139:17
    │
139 │ 3.  \在模型选择上仍需要慎重\，应优先选择适合小型数据集的拟合方法，包括迁移学习，在超低数据集时，仍然建议使用SVM分类器进行建模可能效果良好。
    │                             ^^

error: the character `，` is not valid in code
    ┌─ \\?\C:\Users\fallingstar\GeRui\rainoffallingstar.github.io\content\Blog\2022-06-18-在DL领域中乳腺超声数据的处理探究\index.typ:139:35
    │
139 │ 3.  \在模型选择上仍需要慎重\，应优先选择适合小型数据集的拟合方法，包括迁移学习，在超低数据集时，仍然建议使用SVM分类器进行建模可能效果良好。
    │                                                                 ^^

error: the character `，` is not valid in code
    ┌─ \\?\C:\Users\fallingstar\GeRui\rainoffallingstar.github.io\content\Blog\2022-06-18-在DL领域中乳腺超声数据的处理探究\index.typ:139:42
    │
139 │ 3.  \在模型选择上仍需要慎重\，应优先选择适合小型数据集的拟合方法，包括迁移学习，在超低数据集时，仍然建议使用SVM分类器进行建模可能效果良好。
    │                                                                               ^^

error: the character `，` is not valid in code
    ┌─ \\?\C:\Users\fallingstar\GeRui\rainoffallingstar.github.io\content\Blog\2022-06-18-在DL领域中乳腺超声数据的处理探究\index.typ:139:50
    │
139 │ 3.  \在模型选择上仍需要慎重\，应优先选择适合小型数据集的拟合方法，包括迁移学习，在超低数据集时，仍然建议使用SVM分类器进行建模可能效果良好。
    │                                                                                               ^^

error: the character `。` is not valid in code
    ┌─ \\?\C:\Users\fallingstar\GeRui\rainoffallingstar.github.io\content\Blog\2022-06-18-在DL领域中乳腺超声数据的处理探究\index.typ:139:73
    │
139 │ 3.  \在模型选择上仍需要慎重\，应优先选择适合小型数据集的拟合方法，包括迁移学习，在超低数据集时，仍然建议使用SVM分类器进行建模可能效果良好。
    │                                                                                                                                          ^^
  [ERROR] content\Blog\2022-06-18-在DL领域中乳腺超声数据的处理探究\index.typ 编译失败
  [ERROR] Typst error: warning: html export is under active development and incomplete
 = hint: its behaviour may change at any time
 = hint: do not rely on this feature for production use cases
 = hint: see https://github.com/typst/typst/issues/5512 for more information

error: expected expression
   ┌─ \\?\C:\Users\fallingstar\GeRui\rainoffallingstar.github.io\content\Blog\2022-09-03-打包属于自己数据的PASCAL-VOC-2012目标检测数据集\index.typ:14:17
   │
14 │     + Annotations # 存放目标检测的标注XML文件
   │                    ^

error: expected expression
   ┌─ \\?\C:\Users\fallingstar\GeRui\rainoffallingstar.github.io\content\Blog\2022-09-03-打包属于自己数据的PASCAL-VOC-2012目标检测数据集\index.typ:16:14
   │
16 │       + main    # 包括trainval、train和val 这3个txt文件主要描述训练集及验证集的文件划分
   │                  ^

error: expected expression
   ┌─ \\?\C:\Users\fallingstar\GeRui\rainoffallingstar.github.io\content\Blog\2022-09-03-打包属于自己数据的PASCAL-VOC-2012目标检测数据集\index.typ:17:17
   │
17 │     + JPEGImages  # 存放目标检测的原始图像
   │                    ^

error: expected expression
   ┌─ \\?\C:\Users\fallingstar\GeRui\rainoffallingstar.github.io\content\Blog\2022-09-03-打包属于自己数据的PASCAL-VOC-2012目标检测数据集\index.typ:18:26
   │
18 │     + SegmentationClass    # 语义分割任务中用到的label图片
   │                             ^

error: expected expression
   ┌─ \\?\C:\Users\fallingstar\GeRui\rainoffallingstar.github.io\content\Blog\2022-09-03-打包属于自己数据的PASCAL-VOC-2012目标检测数据集\index.typ:19:26
   │
19 │     + SegmentationObject   # 实例分割任务用到的label图片
   │                             ^

error: expected expression
   ┌─ \\?\C:\Users\fallingstar\GeRui\rainoffallingstar.github.io\content\Blog\2022-09-03-打包属于自己数据的PASCAL-VOC-2012目标检测数据集\index.typ:31:1
   │
31 │ # 旋转
   │  ^

error: expected expression
   ┌─ \\?\C:\Users\fallingstar\GeRui\rainoffallingstar.github.io\content\Blog\2022-09-03-打包属于自己数据的PASCAL-VOC-2012目标检测数据集\index.typ:84:5
   │
84 │     #    items = line.strip().split()
   │      ^
  [ERROR] content\Blog\2022-09-03-打包属于自己数据的PASCAL-VOC-2012目标检测数据集\index.typ 编译失败
  [ERROR] Typst error: warning: html export is under active development and incomplete
 = hint: its behaviour may change at any time
 = hint: do not rely on this feature for production use cases
 = hint: see https://github.com/typst/typst/issues/5512 for more information

error: expected expression
   ┌─ \\?\C:\Users\fallingstar\GeRui\rainoffallingstar.github.io\content\Blog\2022-09-20-awesom-eGNNwithmedical\index.typ:37:5
   │
37 │ 13. # Prediction of Time Series Gene Expression and Structural Analysis of Gene Regulatory Networks Using Recurrent Neural Networks https://github.com/jonathan-f/DA_RNN_GENEXP
   │      ^
  [ERROR] content\Blog\2022-09-20-awesom-eGNNwithmedical\index.typ 编译失败
[OK] HTML 构建完成。跳过: 83, 失败: 14
正在构建 PDF 文件...
[OK] PDF 构建完成。跳过: 2

------------------------------------------------------------
[WARNING] 构建完成，但有部分任务失败。
------------------------------------------------------------
